Component: Arm Compiler for Embedded 6.19 Tool: armlink [5e73cb00]

==============================================================================

Section Cross References

    main.o(.text.main) refers to main.o(.rodata.str1.1) for .L__const.main.l_ArrayFormat2_aa
    main.o(.text.main) refers to rt_memcpy_v6.o(.text) for __aeabi_memcpy
    main.o(.text.main) refers to main_2.o(.text.Setup_ClockCrystal_8MHZ) for Setup_ClockCrystal_8MHZ
    main.o(.text.main) refers to main_2.o(.text.Setup_LedAlarm) for Setup_LedAlarm
    main.o(.text.main) refers to main_2.o(.text.Setup_Button) for Setup_Button
    main.o(.text.main) refers to main_2.o(.text.Setup_LPSPI0) for Setup_LPSPI0
    main.o(.text.main) refers to main_2.o(.text.Setup_Led7D) for Setup_Led7D
    main.o(.text.main) refers to main_2.o(.text.Setup_LPUART1) for Setup_LPUART1
    main.o(.text.main) refers to main_2.o(.text.Setup_Timer0Ch0) for Setup_Timer0Ch0
    main.o(.text.main) refers to main_2.o(.data.g_Date_u8) for g_Date_u8
    main.o(.text.main) refers to main_2.o(.data.g_Month_u8) for g_Month_u8
    main.o(.text.main) refers to main_2.o(.data.g_Year_u16) for g_Year_u16
    main.o(.text.main) refers to main_2.o(.data.g_Hour_u8) for g_Hour_u8
    main.o(.text.main) refers to main_2.o(.data.g_Minute_u8) for g_Minute_u8
    main.o(.text.main) refers to main_2.o(.data.g_Seconds_u8) for g_Seconds_u8
    main.o(.text.main) refers to main_2.o(.bss.g_StatusTimeDate_u8) for g_StatusTimeDate_u8
    main.o(.text.main) refers to main_2.o(.text.Com_RunDateTime) for Com_RunDateTime
    main.o(.text.main) refers to main_2.o(.text.Com_Alarm) for Com_Alarm
    main.o(.text.main) refers to main_2.o(.bss.g_EnableSend_u8) for g_EnableSend_u8
    main.o(.text.main) refers to main_2.o(.data.g_Intensity_u8) for g_Intensity_u8
    main.o(.text.main) refers to main_2.o(.text.Com_GML7D) for Com_GML7D
    main.o(.text.main) refers to main_2.o(.text.Com_ControlLed7D) for Com_ControlLed7D
    main.o(.ARM.exidx.text.main) refers to main.o(.text.main) for [Anonymous Symbol]
    main_2.o(.ARM.exidx.text.Setup_ClockCrystal_8MHZ) refers to main_2.o(.text.Setup_ClockCrystal_8MHZ) for [Anonymous Symbol]
    main_2.o(.ARM.exidx.text.Setup_LedAlarm) refers to main_2.o(.text.Setup_LedAlarm) for [Anonymous Symbol]
    main_2.o(.ARM.exidx.text.Setup_Button) refers to main_2.o(.text.Setup_Button) for [Anonymous Symbol]
    main_2.o(.ARM.exidx.text.Setup_LPSPI0) refers to main_2.o(.text.Setup_LPSPI0) for [Anonymous Symbol]
    main_2.o(.ARM.exidx.text.Setup_Led7D) refers to main_2.o(.text.Setup_Led7D) for [Anonymous Symbol]
    main_2.o(.ARM.exidx.text.Setup_LPUART1) refers to main_2.o(.text.Setup_LPUART1) for [Anonymous Symbol]
    main_2.o(.ARM.exidx.text.Setup_Timer0Ch0) refers to main_2.o(.text.Setup_Timer0Ch0) for [Anonymous Symbol]
    main_2.o(.text.Com_GML7D) refers to main_2.o(.bss.g_DisplayL7D_u16) for g_DisplayL7D_u16
    main_2.o(.text.Com_GML7D) refers to main_2.o(.data.g_AdrL7D_aa) for g_AdrL7D_aa
    main_2.o(.text.Com_GML7D) refers to main_2.o(.data.g_MaL7D_aa) for g_MaL7D_aa
    main_2.o(.ARM.exidx.text.Com_GML7D) refers to main_2.o(.text.Com_GML7D) for [Anonymous Symbol]
    main_2.o(.text.Com_AdjustIntensity) refers to main_2.o(.data.g_Intensity_u8) for g_Intensity_u8
    main_2.o(.ARM.exidx.text.Com_AdjustIntensity) refers to main_2.o(.text.Com_AdjustIntensity) for [Anonymous Symbol]
    main_2.o(.ARM.exidx.text.Com_ControlLed7D) refers to main_2.o(.text.Com_ControlLed7D) for [Anonymous Symbol]
    main_2.o(.text.Com_ProcessDataUART) refers to main_2.o(.bss.g_ArrayStringGet_aa) for g_ArrayStringGet_aa
    main_2.o(.text.Com_ProcessDataUART) refers to main_2.o(.data.g_Date_u8) for g_Date_u8
    main_2.o(.text.Com_ProcessDataUART) refers to main_2.o(.data.g_Month_u8) for g_Month_u8
    main_2.o(.text.Com_ProcessDataUART) refers to main_2.o(.data.g_Year_u16) for g_Year_u16
    main_2.o(.text.Com_ProcessDataUART) refers to main_2.o(.data.g_Hour_u8) for g_Hour_u8
    main_2.o(.text.Com_ProcessDataUART) refers to main_2.o(.data.g_Minute_u8) for g_Minute_u8
    main_2.o(.text.Com_ProcessDataUART) refers to main_2.o(.data.g_Seconds_u8) for g_Seconds_u8
    main_2.o(.text.Com_ProcessDataUART) refers to main_2.o(.bss.g_HourAlarm_u8) for g_HourAlarm_u8
    main_2.o(.text.Com_ProcessDataUART) refers to main_2.o(.bss.g_MinuteAlarm_u8) for g_MinuteAlarm_u8
    main_2.o(.text.Com_ProcessDataUART) refers to main_2.o(.bss.g_SecondsAlarm_u8) for g_SecondsAlarm_u8
    main_2.o(.ARM.exidx.text.Com_ProcessDataUART) refers to main_2.o(.text.Com_ProcessDataUART) for [Anonymous Symbol]
    main_2.o(.text.Com_RunDateTime) refers to main_2.o(.data.g_Seconds_u8) for g_Seconds_u8
    main_2.o(.text.Com_RunDateTime) refers to main_2.o(.data.g_Minute_u8) for g_Minute_u8
    main_2.o(.text.Com_RunDateTime) refers to main_2.o(.data.g_Hour_u8) for g_Hour_u8
    main_2.o(.text.Com_RunDateTime) refers to main_2.o(.data.g_Date_u8) for g_Date_u8
    main_2.o(.text.Com_RunDateTime) refers to main_2.o(.data.g_Month_u8) for g_Month_u8
    main_2.o(.text.Com_RunDateTime) refers to main_2.o(.data.g_Year_u16) for g_Year_u16
    main_2.o(.ARM.exidx.text.Com_RunDateTime) refers to main_2.o(.text.Com_RunDateTime) for [Anonymous Symbol]
    main_2.o(.text.Com_Alarm) refers to main_2.o(.data.g_Hour_u8) for g_Hour_u8
    main_2.o(.text.Com_Alarm) refers to main_2.o(.bss.g_HourAlarm_u8) for g_HourAlarm_u8
    main_2.o(.text.Com_Alarm) refers to main_2.o(.data.g_Minute_u8) for g_Minute_u8
    main_2.o(.text.Com_Alarm) refers to main_2.o(.bss.g_MinuteAlarm_u8) for g_MinuteAlarm_u8
    main_2.o(.text.Com_Alarm) refers to main_2.o(.data.g_Seconds_u8) for g_Seconds_u8
    main_2.o(.text.Com_Alarm) refers to main_2.o(.bss.g_SecondsAlarm_u8) for g_SecondsAlarm_u8
    main_2.o(.text.Com_Alarm) refers to main_2.o(.bss.g_EnableAlarm_u8) for g_EnableAlarm_u8
    main_2.o(.ARM.exidx.text.Com_Alarm) refers to main_2.o(.text.Com_Alarm) for [Anonymous Symbol]
    main_2.o(.text.PORTC_IRQHandler) refers to main_2.o(.bss.g_StatusTimeDate_u8) for g_StatusTimeDate_u8
    main_2.o(.text.PORTC_IRQHandler) refers to main_2.o(.bss.g_EnableAlarm_u8) for g_EnableAlarm_u8
    main_2.o(.text.PORTC_IRQHandler) refers to main_2.o(.data.g_Intensity_u8) for g_Intensity_u8
    main_2.o(.text.PORTC_IRQHandler) refers to main_2.o(.text.Com_AdjustIntensity) for Com_AdjustIntensity
    main_2.o(.text.PORTC_IRQHandler) refers to main_2.o(.text.Com_ControlLed7D) for Com_ControlLed7D
    main_2.o(.ARM.exidx.text.PORTC_IRQHandler) refers to main_2.o(.text.PORTC_IRQHandler) for [Anonymous Symbol]
    main_2.o(.text.LPUART1_RxTx_IRQHandler) refers to main_2.o(.bss.g_UARTDataRx_u8) for g_UARTDataRx_u8
    main_2.o(.text.LPUART1_RxTx_IRQHandler) refers to main_2.o(.bss.g_NumberArrayGet_u8) for g_NumberArrayGet_u8
    main_2.o(.text.LPUART1_RxTx_IRQHandler) refers to main_2.o(.bss.g_ArrayStringGet_aa) for g_ArrayStringGet_aa
    main_2.o(.text.LPUART1_RxTx_IRQHandler) refers to main_2.o(.text.Com_ProcessDataUART) for Com_ProcessDataUART
    main_2.o(.ARM.exidx.text.LPUART1_RxTx_IRQHandler) refers to main_2.o(.text.LPUART1_RxTx_IRQHandler) for [Anonymous Symbol]
    main_2.o(.text.LPIT0_Ch0_IRQHandler) refers to main_2.o(.bss.g_Timer0Ch0_u8) for g_Timer0Ch0_u8
    main_2.o(.text.LPIT0_Ch0_IRQHandler) refers to main_2.o(.bss.g_EnableAlarm_u8) for g_EnableAlarm_u8
    main_2.o(.text.LPIT0_Ch0_IRQHandler) refers to main_2.o(.bss.g_OffAlarm10s_u8) for g_OffAlarm10s_u8
    main_2.o(.text.LPIT0_Ch0_IRQHandler) refers to main_2.o(.data.g_Seconds_u8) for g_Seconds_u8
    main_2.o(.text.LPIT0_Ch0_IRQHandler) refers to main_2.o(.bss.g_EnableSend_u8) for g_EnableSend_u8
    main_2.o(.ARM.exidx.text.LPIT0_Ch0_IRQHandler) refers to main_2.o(.text.LPIT0_Ch0_IRQHandler) for [Anonymous Symbol]
    startup.o(.text.init_data_bss) refers to startup_s32k144.o(.text) for __RAM_VECTOR_TABLE_SIZE
    startup.o(.text.init_data_bss) refers to startup.o(.rodata.s_vectors) for s_vectors
    startup.o(.ARM.exidx.text.init_data_bss) refers to startup.o(.text.init_data_bss) for [Anonymous Symbol]
    startup_s32k144.o(.text) refers (Special) to main.o(.text.main) for main
    startup_s32k144.o(.text) refers to startup_s32k144.o(FlashConfig) for FlashConfig
    startup_s32k144.o(.text) refers to startup_s32k144.o(RESET) for __Vectors
    startup_s32k144.o(.text) refers to system_s32k144.o(.text.SystemInit) for SystemInit
    startup_s32k144.o(.text) refers to startup.o(.text.init_data_bss) for init_data_bss
    startup_s32k144.o(.text) refers to __main.o(!!!main) for __main
    startup_s32k144.o(RESET) refers (Special) to main.o(.text.main) for main
    startup_s32k144.o(RESET) refers to startup_s32k144.o(.text) for Reset_Handler
    startup_s32k144.o(RESET) refers to main_2.o(.text.LPUART1_RxTx_IRQHandler) for LPUART1_RxTx_IRQHandler
    startup_s32k144.o(RESET) refers to main_2.o(.text.LPIT0_Ch0_IRQHandler) for LPIT0_Ch0_IRQHandler
    startup_s32k144.o(RESET) refers to main_2.o(.text.PORTC_IRQHandler) for PORTC_IRQHandler
    startup_s32k144.o(FlashConfig) refers (Special) to main.o(.text.main) for main
    system_s32k144.o(.ARM.exidx.text.SystemInit) refers to system_s32k144.o(.text.SystemInit) for [Anonymous Symbol]
    system_s32k144.o(.text.SystemCoreClockUpdate) refers to system_s32k144.o(.rodata.SystemCoreClockUpdate.fircFreq) for SystemCoreClockUpdate.fircFreq
    system_s32k144.o(.text.SystemCoreClockUpdate) refers to system_s32k144.o(.data.SystemCoreClock) for SystemCoreClock
    system_s32k144.o(.ARM.exidx.text.SystemCoreClockUpdate) refers to system_s32k144.o(.text.SystemCoreClockUpdate) for [Anonymous Symbol]
    system_s32k144.o(.ARM.exidx.text.SystemSoftwareReset) refers to system_s32k144.o(.text.SystemSoftwareReset) for [Anonymous Symbol]
    rt_memcpy_v6.o(.text) refers to rt_memcpy_w.o(.text) for __aeabi_memcpy4
    __main.o(!!!main) refers to __rtentry.o(.ARM.Collect$$rtentry$$00000000) for __rt_entry
    __rtentry.o(.ARM.Collect$$rtentry$$00000000) refers (Special) to __rtentry2.o(.ARM.Collect$$rtentry$$0000000A) for __rt_entry_li
    __rtentry.o(.ARM.Collect$$rtentry$$00000000) refers (Special) to __rtentry2.o(.ARM.Collect$$rtentry$$0000000D) for __rt_entry_main
    __rtentry.o(.ARM.Collect$$rtentry$$00000000) refers (Special) to __rtentry2.o(.ARM.Collect$$rtentry$$0000000C) for __rt_entry_postli_1
    __rtentry.o(.ARM.Collect$$rtentry$$00000000) refers (Special) to __rtentry2.o(.ARM.Collect$$rtentry$$00000009) for __rt_entry_postsh_1
    __rtentry.o(.ARM.Collect$$rtentry$$00000000) refers (Special) to __rtentry2.o(.ARM.Collect$$rtentry$$00000002) for __rt_entry_presh_1
    __rtentry.o(.ARM.Collect$$rtentry$$00000000) refers (Special) to __rtentry7.o(.ARM.Collect$$rtentry$$00000007) for __rt_entry_sh
    __rtentry2.o(.ARM.Collect$$rtentry$$00000008) refers to boardinit2.o(.text) for _platform_post_stackheap_init
    __rtentry2.o(.ARM.Collect$$rtentry$$0000000A) refers to libinit.o(.ARM.Collect$$libinit$$00000000) for __rt_lib_init
    __rtentry2.o(.ARM.Collect$$rtentry$$0000000B) refers to boardinit3.o(.text) for _platform_post_lib_init
    __rtentry2.o(.ARM.Collect$$rtentry$$0000000D) refers to main.o(.text.main) for main
    __rtentry2.o(.ARM.Collect$$rtentry$$0000000D) refers to exit.o(.text) for exit
    __rtentry2.o(.ARM.exidx) refers to __rtentry2.o(.ARM.Collect$$rtentry$$00000001) for .ARM.Collect$$rtentry$$00000001
    __rtentry2.o(.ARM.exidx) refers to __rtentry2.o(.ARM.Collect$$rtentry$$00000008) for .ARM.Collect$$rtentry$$00000008
    __rtentry2.o(.ARM.exidx) refers to __rtentry2.o(.ARM.Collect$$rtentry$$0000000A) for .ARM.Collect$$rtentry$$0000000A
    __rtentry2.o(.ARM.exidx) refers to __rtentry2.o(.ARM.Collect$$rtentry$$0000000B) for .ARM.Collect$$rtentry$$0000000B
    __rtentry2.o(.ARM.exidx) refers to __rtentry2.o(.ARM.Collect$$rtentry$$0000000D) for .ARM.Collect$$rtentry$$0000000D
    __rtentry4.o(.ARM.Collect$$rtentry$$00000004) refers to sys_stackheap_outer.o(.text) for __user_setup_stackheap
    __rtentry4.o(.ARM.exidx) refers to __rtentry4.o(.ARM.Collect$$rtentry$$00000004) for .ARM.Collect$$rtentry$$00000004
    __rtentry7.o(.ARM.Collect$$rtentry$$00000007) refers to __rtentry7.o(.ARM.Collect$$rtentry$$00002718) for __lit__00000000
    __rtentry7.o(__vectab_stack_and_reset_2_area) refers to __main.o(!!!main) for __main
    __rtentry7.o(.ARM.exidx) refers to __rtentry7.o(.ARM.Collect$$rtentry$$00000007) for .ARM.Collect$$rtentry$$00000007
    __rtentry7.o(.ARM.exidx) refers to __rtentry7.o(.ARM.Collect$$rtentry$$00002718) for .ARM.Collect$$rtentry$$00002718
    sys_stackheap_outer.o(.text) refers to libspace.o(.text) for __user_perproc_libspace
    sys_stackheap_outer.o(.text) refers to sys_stackheap.o(.text) for __user_initial_stackheap
    exit.o(.text) refers to rtexit.o(.ARM.Collect$$rtexit$$00000000) for __rt_exit
    libinit.o(.ARM.Collect$$libinit$$00000000) refers (Special) to libinit2.o(.ARM.Collect$$libinit$$00000030) for __rt_lib_init_alloca_1
    libinit.o(.ARM.Collect$$libinit$$00000000) refers (Special) to libinit2.o(.ARM.Collect$$libinit$$0000002E) for __rt_lib_init_argv_1
    libinit.o(.ARM.Collect$$libinit$$00000000) refers (Special) to libinit2.o(.ARM.Collect$$libinit$$0000001D) for __rt_lib_init_atexit_1
    libinit.o(.ARM.Collect$$libinit$$00000000) refers (Special) to libinit2.o(.ARM.Collect$$libinit$$00000023) for __rt_lib_init_clock_1
    libinit.o(.ARM.Collect$$libinit$$00000000) refers (Special) to libinit2.o(.ARM.Collect$$libinit$$00000034) for __rt_lib_init_cpp_1
    libinit.o(.ARM.Collect$$libinit$$00000000) refers (Special) to libinit2.o(.ARM.Collect$$libinit$$00000032) for __rt_lib_init_exceptions_1
    libinit.o(.ARM.Collect$$libinit$$00000000) refers (Special) to libinit2.o(.ARM.Collect$$libinit$$00000001) for __rt_lib_init_fp_1
    libinit.o(.ARM.Collect$$libinit$$00000000) refers (Special) to libinit2.o(.ARM.Collect$$libinit$$00000021) for __rt_lib_init_fp_trap_1
    libinit.o(.ARM.Collect$$libinit$$00000000) refers (Special) to libinit2.o(.ARM.Collect$$libinit$$00000025) for __rt_lib_init_getenv_1
    libinit.o(.ARM.Collect$$libinit$$00000000) refers (Special) to libinit2.o(.ARM.Collect$$libinit$$0000000C) for __rt_lib_init_heap_1
    libinit.o(.ARM.Collect$$libinit$$00000000) refers (Special) to libinit2.o(.ARM.Collect$$libinit$$00000013) for __rt_lib_init_lc_collate_1
    libinit.o(.ARM.Collect$$libinit$$00000000) refers (Special) to libinit2.o(.ARM.Collect$$libinit$$00000015) for __rt_lib_init_lc_ctype_1
    libinit.o(.ARM.Collect$$libinit$$00000000) refers (Special) to libinit2.o(.ARM.Collect$$libinit$$00000017) for __rt_lib_init_lc_monetary_1
    libinit.o(.ARM.Collect$$libinit$$00000000) refers (Special) to libinit2.o(.ARM.Collect$$libinit$$00000019) for __rt_lib_init_lc_numeric_1
    libinit.o(.ARM.Collect$$libinit$$00000000) refers (Special) to libinit2.o(.ARM.Collect$$libinit$$0000001B) for __rt_lib_init_lc_time_1
    libinit.o(.ARM.Collect$$libinit$$00000000) refers (Special) to libinit2.o(.ARM.Collect$$libinit$$00000006) for __rt_lib_init_preinit_1
    libinit.o(.ARM.Collect$$libinit$$00000000) refers (Special) to libinit2.o(.ARM.Collect$$libinit$$00000010) for __rt_lib_init_rand_1
    libinit.o(.ARM.Collect$$libinit$$00000000) refers (Special) to libinit2.o(.ARM.Collect$$libinit$$00000004) for __rt_lib_init_relocate_pie_1
    libinit.o(.ARM.Collect$$libinit$$00000000) refers (Special) to libinit2.o(.ARM.Collect$$libinit$$00000035) for __rt_lib_init_return
    libinit.o(.ARM.Collect$$libinit$$00000000) refers (Special) to libinit2.o(.ARM.Collect$$libinit$$0000001F) for __rt_lib_init_signal_1
    libinit.o(.ARM.Collect$$libinit$$00000000) refers (Special) to libinit2.o(.ARM.Collect$$libinit$$00000027) for __rt_lib_init_stdio_1
    libinit.o(.ARM.Collect$$libinit$$00000000) refers (Special) to libinit2.o(.ARM.Collect$$libinit$$0000000E) for __rt_lib_init_user_alloc_1
    libspace.o(.text) refers to libspace.o(.bss) for __libspace_start
    sys_stackheap.o(.text) refers (Special) to indicate_semi.o(.text) for __semihosting_library_function
    sys_stackheap.o(.text) refers to use_no_semi.o(.text) for __I$use$semihosting
    sys_stackheap_hlt.o(.text) refers (Special) to indicate_semi.o(.text) for __semihosting_library_function
    sys_stackheap_hlt.o(.text) refers to use_no_semi.o(.text) for __I$use$semihosting
    rtexit.o(.ARM.Collect$$rtexit$$00000000) refers (Special) to rtexit2.o(.ARM.Collect$$rtexit$$00000004) for __rt_exit_exit
    rtexit.o(.ARM.Collect$$rtexit$$00000000) refers (Special) to rtexit2.o(.ARM.Collect$$rtexit$$00000003) for __rt_exit_ls
    rtexit.o(.ARM.Collect$$rtexit$$00000000) refers (Special) to rtexit2.o(.ARM.Collect$$rtexit$$00000002) for __rt_exit_prels_1
    rtexit.o(.ARM.exidx) refers (Special) to rtexit2.o(.ARM.Collect$$rtexit$$00000004) for __rt_exit_exit
    rtexit.o(.ARM.exidx) refers (Special) to rtexit2.o(.ARM.Collect$$rtexit$$00000003) for __rt_exit_ls
    rtexit.o(.ARM.exidx) refers (Special) to rtexit2.o(.ARM.Collect$$rtexit$$00000002) for __rt_exit_prels_1
    rtexit.o(.ARM.exidx) refers to rtexit.o(.ARM.Collect$$rtexit$$00000000) for .ARM.Collect$$rtexit$$00000000
    libinit2.o(.ARM.Collect$$libinit$$00000001) refers to fpinit.o(x$fpl$fpinit) for _fp_init
    libinit2.o(.ARM.Collect$$libinit$$00000012) refers to libinit2.o(.ARM.Collect$$libinit$$00000011) for .ARM.Collect$$libinit$$00000011
    libinit2.o(.ARM.Collect$$libinit$$00000014) refers to libinit2.o(.ARM.Collect$$libinit$$00000011) for .ARM.Collect$$libinit$$00000011
    libinit2.o(.ARM.Collect$$libinit$$00000016) refers to libinit2.o(.ARM.Collect$$libinit$$00000011) for .ARM.Collect$$libinit$$00000011
    libinit2.o(.ARM.Collect$$libinit$$00000018) refers to libinit2.o(.ARM.Collect$$libinit$$00000011) for .ARM.Collect$$libinit$$00000011
    libinit2.o(.ARM.Collect$$libinit$$0000001A) refers to libinit2.o(.ARM.Collect$$libinit$$00000011) for .ARM.Collect$$libinit$$00000011
    libinit2.o(.ARM.Collect$$libinit$$00000028) refers to argv_veneer.o(.emb_text) for __ARM_argv_veneer
    libinit2.o(.ARM.Collect$$libinit$$00000029) refers to argv_veneer.o(.emb_text) for __ARM_argv_veneer
    libinit5.o(.ARM.Collect$$libinit$$0000000A) refers to libinit5.o(.ARM.Collect$$libinit$$0000271B) for __lit__00000000
    libinit5.o(.ARM.Collect$$libinit$$0000002C) refers to libinit5.o(.ARM.Collect$$libinit$$0000273D) for __lit__00000002
    libinit5.o(.ARM.Collect$$libinit$$0000002C) refers to argv_veneer.o(.emb_text) for __ARM_argv_veneer
    rtexit2.o(.ARM.Collect$$rtexit$$00000003) refers to libshutdown.o(.ARM.Collect$$libshutdown$$00000000) for __rt_lib_shutdown
    rtexit2.o(.ARM.Collect$$rtexit$$00000004) refers to sys_exit.o(.text) for _sys_exit
    rtexit2.o(.ARM.exidx) refers to rtexit2.o(.ARM.Collect$$rtexit$$00000001) for .ARM.Collect$$rtexit$$00000001
    rtexit2.o(.ARM.exidx) refers to rtexit2.o(.ARM.Collect$$rtexit$$00000003) for .ARM.Collect$$rtexit$$00000003
    rtexit2.o(.ARM.exidx) refers to rtexit2.o(.ARM.Collect$$rtexit$$00000004) for .ARM.Collect$$rtexit$$00000004
    argv_veneer.o(.emb_text) refers to no_argv.o(.text) for __ARM_get_argv
    sys_exit.o(.text) refers (Special) to use_no_semi.o(.text) for __I$use$semihosting
    sys_exit.o(.text) refers (Special) to indicate_semi.o(.text) for __semihosting_library_function
    sys_exit_hlt.o(.text) refers (Special) to use_no_semi.o(.text) for __I$use$semihosting
    sys_exit_hlt.o(.text) refers (Special) to indicate_semi.o(.text) for __semihosting_library_function
    _get_argv_nomalloc.o(.text) refers (Special) to hrguard.o(.text) for __heap_region$guard
    _get_argv_nomalloc.o(.text) refers to defsig_rtmem_outer.o(.text) for __rt_SIGRTMEM
    _get_argv_nomalloc.o(.text) refers to sys_command.o(.text) for _sys_command_string
    libshutdown.o(.ARM.Collect$$libshutdown$$00000000) refers (Special) to libshutdown2.o(.ARM.Collect$$libshutdown$$00000002) for __rt_lib_shutdown_cpp_1
    libshutdown.o(.ARM.Collect$$libshutdown$$00000000) refers (Special) to libshutdown2.o(.ARM.Collect$$libshutdown$$00000007) for __rt_lib_shutdown_fp_trap_1
    libshutdown.o(.ARM.Collect$$libshutdown$$00000000) refers (Special) to libshutdown2.o(.ARM.Collect$$libshutdown$$0000000F) for __rt_lib_shutdown_heap_1
    libshutdown.o(.ARM.Collect$$libshutdown$$00000000) refers (Special) to libshutdown2.o(.ARM.Collect$$libshutdown$$00000010) for __rt_lib_shutdown_return
    libshutdown.o(.ARM.Collect$$libshutdown$$00000000) refers (Special) to libshutdown2.o(.ARM.Collect$$libshutdown$$0000000A) for __rt_lib_shutdown_signal_1
    libshutdown.o(.ARM.Collect$$libshutdown$$00000000) refers (Special) to libshutdown2.o(.ARM.Collect$$libshutdown$$00000004) for __rt_lib_shutdown_stdio_1
    libshutdown.o(.ARM.Collect$$libshutdown$$00000000) refers (Special) to libshutdown2.o(.ARM.Collect$$libshutdown$$0000000C) for __rt_lib_shutdown_user_alloc_1
    sys_command.o(.text) refers (Special) to use_no_semi.o(.text) for __I$use$semihosting
    sys_command.o(.text) refers (Special) to indicate_semi.o(.text) for __semihosting_library_function
    sys_command_hlt.o(.text) refers (Special) to use_no_semi.o(.text) for __I$use$semihosting
    sys_command_hlt.o(.text) refers (Special) to indicate_semi.o(.text) for __semihosting_library_function
    defsig_rtmem_outer.o(.text) refers to defsig_rtmem_inner.o(.text) for __rt_SIGRTMEM_inner
    defsig_rtmem_outer.o(.text) refers to defsig_exit.o(.text) for __sig_exit
    defsig_rtmem_formal.o(.text) refers to rt_raise.o(.text) for __rt_raise
    rt_raise.o(.text) refers to __raise.o(.text) for __raise
    rt_raise.o(.text) refers to sys_exit.o(.text) for _sys_exit
    defsig_exit.o(.text) refers to sys_exit.o(.text) for _sys_exit
    defsig_rtmem_inner.o(.text) refers to defsig_general.o(.text) for __default_signal_display
    __raise.o(.text) refers to defsig.o(CL$$defsig) for __default_signal_handler
    defsig_general.o(.text) refers to sys_wrch.o(.text) for _ttywrch
    sys_wrch.o(.text) refers (Special) to use_no_semi.o(.text) for __I$use$semihosting
    sys_wrch.o(.text) refers (Special) to indicate_semi.o(.text) for __semihosting_library_function
    sys_wrch_hlt.o(.text) refers (Special) to use_no_semi.o(.text) for __I$use$semihosting
    sys_wrch_hlt.o(.text) refers (Special) to indicate_semi.o(.text) for __semihosting_library_function
    defsig.o(CL$$defsig) refers to defsig_rtmem_inner.o(.text) for __rt_SIGRTMEM_inner
    defsig_abrt_inner.o(.text) refers to defsig_general.o(.text) for __default_signal_display
    defsig_fpe_inner.o(.text) refers to defsig_general.o(.text) for __default_signal_display
    defsig_rtred_inner.o(.text) refers to defsig_general.o(.text) for __default_signal_display
    defsig_stak_inner.o(.text) refers to defsig_general.o(.text) for __default_signal_display
    defsig_pvfn_inner.o(.text) refers to defsig_general.o(.text) for __default_signal_display
    defsig_cppl_inner.o(.text) refers to defsig_general.o(.text) for __default_signal_display
    defsig_segv_inner.o(.text) refers to defsig_general.o(.text) for __default_signal_display
    defsig_other.o(.text) refers to defsig_general.o(.text) for __default_signal_display


==============================================================================

Removing Unused input sections from the image.

    Removing main.o(.text), (0 bytes).
    Removing main.o(.ARM.exidx.text.main), (8 bytes).
    Removing main.o(.ARM.use_no_argv), (4 bytes).
    Removing main_2.o(.text), (0 bytes).
    Removing main_2.o(.ARM.exidx.text.Setup_ClockCrystal_8MHZ), (8 bytes).
    Removing main_2.o(.ARM.exidx.text.Setup_LedAlarm), (8 bytes).
    Removing main_2.o(.ARM.exidx.text.Setup_Button), (8 bytes).
    Removing main_2.o(.ARM.exidx.text.Setup_LPSPI0), (8 bytes).
    Removing main_2.o(.ARM.exidx.text.Setup_Led7D), (8 bytes).
    Removing main_2.o(.ARM.exidx.text.Setup_LPUART1), (8 bytes).
    Removing main_2.o(.ARM.exidx.text.Setup_Timer0Ch0), (8 bytes).
    Removing main_2.o(.ARM.exidx.text.Com_GML7D), (8 bytes).
    Removing main_2.o(.ARM.exidx.text.Com_AdjustIntensity), (8 bytes).
    Removing main_2.o(.ARM.exidx.text.Com_ControlLed7D), (8 bytes).
    Removing main_2.o(.ARM.exidx.text.Com_ProcessDataUART), (8 bytes).
    Removing main_2.o(.ARM.exidx.text.Com_RunDateTime), (8 bytes).
    Removing main_2.o(.ARM.exidx.text.Com_Alarm), (8 bytes).
    Removing main_2.o(.ARM.exidx.text.PORTC_IRQHandler), (8 bytes).
    Removing main_2.o(.ARM.exidx.text.LPUART1_RxTx_IRQHandler), (8 bytes).
    Removing main_2.o(.ARM.exidx.text.LPIT0_Ch0_IRQHandler), (8 bytes).
    Removing startup.o(.text), (0 bytes).
    Removing startup.o(.ARM.exidx.text.init_data_bss), (8 bytes).
    Removing system_s32k144.o(.text), (0 bytes).
    Removing system_s32k144.o(.ARM.exidx.text.SystemInit), (8 bytes).
    Removing system_s32k144.o(.text.SystemCoreClockUpdate), (254 bytes).
    Removing system_s32k144.o(.ARM.exidx.text.SystemCoreClockUpdate), (8 bytes).
    Removing system_s32k144.o(.text.SystemSoftwareReset), (48 bytes).
    Removing system_s32k144.o(.ARM.exidx.text.SystemSoftwareReset), (8 bytes).
    Removing system_s32k144.o(.data.SystemCoreClock), (4 bytes).
    Removing system_s32k144.o(.rodata.SystemCoreClockUpdate.fircFreq), (4 bytes).

30 unused section(s) (total 482 bytes) removed from the image.

==============================================================================

Image Symbol Table

    Local Symbols

    Symbol Name                              Value     Ov Type        Size  Object(Section)

    ../clib/angel/boardlib.s                 0x00000000   Number         0  boardinit1.o ABSOLUTE
    ../clib/angel/boardlib.s                 0x00000000   Number         0  boardinit2.o ABSOLUTE
    ../clib/angel/boardlib.s                 0x00000000   Number         0  boardinit3.o ABSOLUTE
    ../clib/angel/boardlib.s                 0x00000000   Number         0  boardshut.o ABSOLUTE
    ../clib/angel/handlers.s                 0x00000000   Number         0  __scatter_copy.o ABSOLUTE
    ../clib/angel/handlers.s                 0x00000000   Number         0  __scatter_zi.o ABSOLUTE
    ../clib/angel/kernel.s                   0x00000000   Number         0  __rtentry.o ABSOLUTE
    ../clib/angel/kernel.s                   0x00000000   Number         0  __rtentry2.o ABSOLUTE
    ../clib/angel/kernel.s                   0x00000000   Number         0  __rtentry4.o ABSOLUTE
    ../clib/angel/kernel.s                   0x00000000   Number         0  __rtentry7.o ABSOLUTE
    ../clib/angel/kernel.s                   0x00000000   Number         0  rtexit.o ABSOLUTE
    ../clib/angel/kernel.s                   0x00000000   Number         0  rtexit2.o ABSOLUTE
    ../clib/angel/rt.s                       0x00000000   Number         0  rt_raise.o ABSOLUTE
    ../clib/angel/scatter.s                  0x00000000   Number         0  __scatter.o ABSOLUTE
    ../clib/angel/startup.s                  0x00000000   Number         0  __main.o ABSOLUTE
    ../clib/angel/sys.s                      0x00000000   Number         0  sys_stackheap_outer.o ABSOLUTE
    ../clib/angel/sys.s                      0x00000000   Number         0  libspace.o ABSOLUTE
    ../clib/angel/sys.s                      0x00000000   Number         0  sys_stackheap.o ABSOLUTE
    ../clib/angel/sys.s                      0x00000000   Number         0  sys_stackheap_hlt.o ABSOLUTE
    ../clib/angel/sys.s                      0x00000000   Number         0  use_no_semi.o ABSOLUTE
    ../clib/angel/sys.s                      0x00000000   Number         0  indicate_semi.o ABSOLUTE
    ../clib/angel/sysapp.c                   0x00000000   Number         0  sys_exit.o ABSOLUTE
    ../clib/angel/sysapp.c                   0x00000000   Number         0  sys_exit_hlt.o ABSOLUTE
    ../clib/angel/sysapp.c                   0x00000000   Number         0  sys_command.o ABSOLUTE
    ../clib/angel/sysapp.c                   0x00000000   Number         0  sys_command_hlt.o ABSOLUTE
    ../clib/angel/sysapp.c                   0x00000000   Number         0  sys_wrch.o ABSOLUTE
    ../clib/angel/sysapp.c                   0x00000000   Number         0  sys_wrch_hlt.o ABSOLUTE
    ../clib/armsys.c                         0x00000000   Number         0  argv_veneer.o ABSOLUTE
    ../clib/armsys.c                         0x00000000   Number         0  argv_veneer.o ABSOLUTE
    ../clib/armsys.c                         0x00000000   Number         0  _get_argv_nomalloc.o ABSOLUTE
    ../clib/armsys.c                         0x00000000   Number         0  no_argv.o ABSOLUTE
    ../clib/heapalloc.c                      0x00000000   Number         0  hrguard.o ABSOLUTE
    ../clib/libinit.s                        0x00000000   Number         0  libinit.o ABSOLUTE
    ../clib/libinit.s                        0x00000000   Number         0  libinit2.o ABSOLUTE
    ../clib/libinit.s                        0x00000000   Number         0  libinit5.o ABSOLUTE
    ../clib/libinit.s                        0x00000000   Number         0  libshutdown.o ABSOLUTE
    ../clib/libinit.s                        0x00000000   Number         0  libshutdown2.o ABSOLUTE
    ../clib/memcpset.s                       0x00000000   Number         0  rt_memcpy_v6.o ABSOLUTE
    ../clib/memcpset.s                       0x00000000   Number         0  rt_memcpy_w.o ABSOLUTE
    ../clib/signal.c                         0x00000000   Number         0  defsig_rtmem_outer.o ABSOLUTE
    ../clib/signal.c                         0x00000000   Number         0  defsig_rtmem_formal.o ABSOLUTE
    ../clib/signal.c                         0x00000000   Number         0  defsig_exit.o ABSOLUTE
    ../clib/signal.c                         0x00000000   Number         0  defsig_rtmem_inner.o ABSOLUTE
    ../clib/signal.c                         0x00000000   Number         0  __raise.o ABSOLUTE
    ../clib/signal.c                         0x00000000   Number         0  defsig_general.o ABSOLUTE
    ../clib/signal.c                         0x00000000   Number         0  defsig_abrt_inner.o ABSOLUTE
    ../clib/signal.c                         0x00000000   Number         0  defsig_fpe_inner.o ABSOLUTE
    ../clib/signal.c                         0x00000000   Number         0  defsig_rtred_inner.o ABSOLUTE
    ../clib/signal.c                         0x00000000   Number         0  defsig_stak_inner.o ABSOLUTE
    ../clib/signal.c                         0x00000000   Number         0  defsig_pvfn_inner.o ABSOLUTE
    ../clib/signal.c                         0x00000000   Number         0  defsig_cppl_inner.o ABSOLUTE
    ../clib/signal.c                         0x00000000   Number         0  defsig_segv_inner.o ABSOLUTE
    ../clib/signal.c                         0x00000000   Number         0  defsig_other.o ABSOLUTE
    ../clib/signal.s                         0x00000000   Number         0  defsig.o ABSOLUTE
    ../clib/stdlib.c                         0x00000000   Number         0  exit.o ABSOLUTE
    ../fplib/fpinit.s                        0x00000000   Number         0  fpinit.o ABSOLUTE
    RTE\Device\S32K144HAxxxLLx\startup_S32K144.S 0x00000000   Number         0  startup_s32k144.o ABSOLUTE
    dc.s                                     0x00000000   Number         0  dc.o ABSOLUTE
    main.c                                   0x00000000   Number         0  main.o ABSOLUTE
    main_2.c                                 0x00000000   Number         0  main_2.o ABSOLUTE
    startup.c                                0x00000000   Number         0  startup.o ABSOLUTE
    system_S32K144.c                         0x00000000   Number         0  system_s32k144.o ABSOLUTE
    RESET                                    0x00000000   Section      560  startup_s32k144.o(RESET)
    FlashConfig                              0x00000400   Section       16  startup_s32k144.o(FlashConfig)
    s_vectors                                0x00000410   Data           4  startup.o(.rodata.s_vectors)
    [Anonymous Symbol]                       0x00000410   Section        0  startup.o(.rodata.s_vectors)
    .L__const.main.l_ArrayFormat4_aa         0x00000414   Data          20  main.o(.rodata.str1.1)
    [Anonymous Symbol]                       0x00000414   Section        0  main.o(.rodata.str1.1)
    .L__const.main.l_ArrayFormat3_aa         0x00000428   Data          19  main.o(.rodata.str1.1)
    .L__const.main.l_ArrayFormat2_aa         0x0000043b   Data          19  main.o(.rodata.str1.1)
    !!!main                                  0x00000450   Section        8  __main.o(!!!main)
    !!!scatter                               0x00000458   Section       52  __scatter.o(!!!scatter)
    !!handler_copy                           0x0000048c   Section       26  __scatter_copy.o(!!handler_copy)
    !!handler_zi                             0x000004a8   Section       28  __scatter_zi.o(!!handler_zi)
    .ARM.Collect$$libinit$$00000000          0x000004c4   Section        2  libinit.o(.ARM.Collect$$libinit$$00000000)
    .ARM.Collect$$libinit$$00000001          0x000004c6   Section        4  libinit2.o(.ARM.Collect$$libinit$$00000001)
    .ARM.Collect$$libinit$$00000004          0x000004ca   Section        0  libinit2.o(.ARM.Collect$$libinit$$00000004)
    .ARM.Collect$$libinit$$00000006          0x000004ca   Section        0  libinit2.o(.ARM.Collect$$libinit$$00000006)
    .ARM.Collect$$libinit$$0000000C          0x000004ca   Section        0  libinit2.o(.ARM.Collect$$libinit$$0000000C)
    .ARM.Collect$$libinit$$0000000E          0x000004ca   Section        0  libinit2.o(.ARM.Collect$$libinit$$0000000E)
    .ARM.Collect$$libinit$$00000010          0x000004ca   Section        0  libinit2.o(.ARM.Collect$$libinit$$00000010)
    .ARM.Collect$$libinit$$00000013          0x000004ca   Section        0  libinit2.o(.ARM.Collect$$libinit$$00000013)
    .ARM.Collect$$libinit$$00000015          0x000004ca   Section        0  libinit2.o(.ARM.Collect$$libinit$$00000015)
    .ARM.Collect$$libinit$$00000017          0x000004ca   Section        0  libinit2.o(.ARM.Collect$$libinit$$00000017)
    .ARM.Collect$$libinit$$00000019          0x000004ca   Section        0  libinit2.o(.ARM.Collect$$libinit$$00000019)
    .ARM.Collect$$libinit$$0000001B          0x000004ca   Section        0  libinit2.o(.ARM.Collect$$libinit$$0000001B)
    .ARM.Collect$$libinit$$0000001D          0x000004ca   Section        0  libinit2.o(.ARM.Collect$$libinit$$0000001D)
    .ARM.Collect$$libinit$$0000001F          0x000004ca   Section        0  libinit2.o(.ARM.Collect$$libinit$$0000001F)
    .ARM.Collect$$libinit$$00000021          0x000004ca   Section        0  libinit2.o(.ARM.Collect$$libinit$$00000021)
    .ARM.Collect$$libinit$$00000023          0x000004ca   Section        0  libinit2.o(.ARM.Collect$$libinit$$00000023)
    .ARM.Collect$$libinit$$00000025          0x000004ca   Section        0  libinit2.o(.ARM.Collect$$libinit$$00000025)
    .ARM.Collect$$libinit$$00000027          0x000004ca   Section        0  libinit2.o(.ARM.Collect$$libinit$$00000027)
    .ARM.Collect$$libinit$$0000002E          0x000004ca   Section        0  libinit2.o(.ARM.Collect$$libinit$$0000002E)
    .ARM.Collect$$libinit$$00000030          0x000004ca   Section        0  libinit2.o(.ARM.Collect$$libinit$$00000030)
    .ARM.Collect$$libinit$$00000032          0x000004ca   Section        0  libinit2.o(.ARM.Collect$$libinit$$00000032)
    .ARM.Collect$$libinit$$00000034          0x000004ca   Section        0  libinit2.o(.ARM.Collect$$libinit$$00000034)
    .ARM.Collect$$libinit$$00000035          0x000004ca   Section        2  libinit2.o(.ARM.Collect$$libinit$$00000035)
    .ARM.Collect$$libshutdown$$00000000      0x000004cc   Section        2  libshutdown.o(.ARM.Collect$$libshutdown$$00000000)
    .ARM.Collect$$libshutdown$$00000002      0x000004ce   Section        0  libshutdown2.o(.ARM.Collect$$libshutdown$$00000002)
    .ARM.Collect$$libshutdown$$00000004      0x000004ce   Section        0  libshutdown2.o(.ARM.Collect$$libshutdown$$00000004)
    .ARM.Collect$$libshutdown$$00000007      0x000004ce   Section        0  libshutdown2.o(.ARM.Collect$$libshutdown$$00000007)
    .ARM.Collect$$libshutdown$$0000000A      0x000004ce   Section        0  libshutdown2.o(.ARM.Collect$$libshutdown$$0000000A)
    .ARM.Collect$$libshutdown$$0000000C      0x000004ce   Section        0  libshutdown2.o(.ARM.Collect$$libshutdown$$0000000C)
    .ARM.Collect$$libshutdown$$0000000F      0x000004ce   Section        0  libshutdown2.o(.ARM.Collect$$libshutdown$$0000000F)
    .ARM.Collect$$libshutdown$$00000010      0x000004ce   Section        2  libshutdown2.o(.ARM.Collect$$libshutdown$$00000010)
    .ARM.Collect$$rtentry$$00000000          0x000004d0   Section        0  __rtentry.o(.ARM.Collect$$rtentry$$00000000)
    .ARM.Collect$$rtentry$$00000002          0x000004d0   Section        0  __rtentry2.o(.ARM.Collect$$rtentry$$00000002)
    .ARM.Collect$$rtentry$$00000007          0x000004d0   Section        4  __rtentry7.o(.ARM.Collect$$rtentry$$00000007)
    .ARM.Collect$$rtentry$$00000009          0x000004d4   Section        0  __rtentry2.o(.ARM.Collect$$rtentry$$00000009)
    .ARM.Collect$$rtentry$$0000000A          0x000004d4   Section        4  __rtentry2.o(.ARM.Collect$$rtentry$$0000000A)
    .ARM.Collect$$rtentry$$0000000C          0x000004d8   Section        0  __rtentry2.o(.ARM.Collect$$rtentry$$0000000C)
    .ARM.Collect$$rtentry$$0000000D          0x000004d8   Section        8  __rtentry2.o(.ARM.Collect$$rtentry$$0000000D)
    __lit__00000000                          0x000004e0   Data           4  __rtentry7.o(.ARM.Collect$$rtentry$$00002718)
    .ARM.Collect$$rtentry$$00002718          0x000004e0   Section        4  __rtentry7.o(.ARM.Collect$$rtentry$$00002718)
    .ARM.Collect$$rtexit$$00000000           0x000004e4   Section        2  rtexit.o(.ARM.Collect$$rtexit$$00000000)
    .ARM.Collect$$rtexit$$00000002           0x000004e6   Section        0  rtexit2.o(.ARM.Collect$$rtexit$$00000002)
    .ARM.Collect$$rtexit$$00000003           0x000004e6   Section        4  rtexit2.o(.ARM.Collect$$rtexit$$00000003)
    .ARM.Collect$$rtexit$$00000004           0x000004ea   Section        6  rtexit2.o(.ARM.Collect$$rtexit$$00000004)
    .text                                    0x000004f0   Section      156  startup_s32k144.o(.text)
    $v0                                      0x00000544   Number         0  startup_s32k144.o(.text)
    .text                                    0x0000058c   Section      138  rt_memcpy_v6.o(.text)
    .text                                    0x00000616   Section      100  rt_memcpy_w.o(.text)
    .text                                    0x0000067a   Section        0  exit.o(.text)
    .text                                    0x0000068c   Section        2  use_no_semi.o(.text)
    .text                                    0x0000068e   Section        0  indicate_semi.o(.text)
    .text                                    0x00000690   Section        0  sys_exit.o(.text)
    [Anonymous Symbol]                       0x0000069c   Section        0  main_2.o(.text.Com_AdjustIntensity)
    [Anonymous Symbol]                       0x000006e0   Section        0  main_2.o(.text.Com_Alarm)
    [Anonymous Symbol]                       0x00000740   Section        0  main_2.o(.text.Com_ControlLed7D)
    [Anonymous Symbol]                       0x0000076c   Section        0  main_2.o(.text.Com_GML7D)
    [Anonymous Symbol]                       0x000007d0   Section        0  main_2.o(.text.Com_ProcessDataUART)
    [Anonymous Symbol]                       0x00001144   Section        0  main_2.o(.text.Com_RunDateTime)
    [Anonymous Symbol]                       0x00001374   Section        0  main_2.o(.text.LPIT0_Ch0_IRQHandler)
    [Anonymous Symbol]                       0x0000141c   Section        0  main_2.o(.text.LPUART1_RxTx_IRQHandler)
    [Anonymous Symbol]                       0x000014e0   Section        0  main_2.o(.text.PORTC_IRQHandler)
    [Anonymous Symbol]                       0x0000164c   Section        0  main_2.o(.text.Setup_Button)
    [Anonymous Symbol]                       0x000016c8   Section        0  main_2.o(.text.Setup_ClockCrystal_8MHZ)
    [Anonymous Symbol]                       0x00001818   Section        0  main_2.o(.text.Setup_LPSPI0)
    [Anonymous Symbol]                       0x00001914   Section        0  main_2.o(.text.Setup_LPUART1)
    [Anonymous Symbol]                       0x000019e4   Section        0  main_2.o(.text.Setup_Led7D)
    [Anonymous Symbol]                       0x00001a70   Section        0  main_2.o(.text.Setup_LedAlarm)
    [Anonymous Symbol]                       0x00001abc   Section        0  main_2.o(.text.Setup_Timer0Ch0)
    [Anonymous Symbol]                       0x00001b64   Section        0  system_s32k144.o(.text.SystemInit)
    [Anonymous Symbol]                       0x00001bb8   Section        0  startup.o(.text.init_data_bss)
    [Anonymous Symbol]                       0x00001c58   Section        0  main.o(.text.main)
    $v0                                      0x00002140   Number         0  fpinit.o(x$fpl$fpinit)
    x$fpl$fpinit                             0x00002140   Section       26  fpinit.o(x$fpl$fpinit)

    Global Symbols

    Symbol Name                              Value     Ov Type        Size  Object(Section)

    BuildAttributes$$THM_ISAv4$E$P$D$K$B$S$7EM$VFPi3$EXTD16$VFPS$VFMA$PE$A:L22UL41UL21$X:L11$S22US41US21$IEEE1$IW$~IW$USESV6$~STKCKD$USESV7$~SHL$OSPACE$ROPI$EBA8$UX$STANDARDLIB$REQ8$PRES8$EABIv2 0x00000000   Number         0  anon$$obj.o ABSOLUTE
    Image$$RW_m_code$$Length                 0x00000000   Number         0  anon$$obj.o ABSOLUTE
    Image$$VECTOR_RAM$$Length                0x00000000   Number         0  anon$$obj.o ABSOLUTE
    Image$$VECTOR_ROM$$Base                  0x00000000   Number         0  anon$$obj.o ABSOLUTE
    __Vectors                                0x00000000   Data           4  startup_s32k144.o(RESET)
    Image$$ZI$$Limit                          - Undefined Weak Reference
    __ARM_exceptions_init                     - Undefined Weak Reference
    __alloca_initialize                       - Undefined Weak Reference
    __arm_preinit_                            - Undefined Weak Reference
    __arm_relocate_pie_                       - Undefined Weak Reference
    __cpp_initialize__aeabi_                  - Undefined Weak Reference
    __cxa_finalize                            - Undefined Weak Reference
    __rt_locale                               - Undefined Weak Reference
    __sigvec_lookup                           - Undefined Weak Reference
    _atexit_init                              - Undefined Weak Reference
    _call_atexit_fns                          - Undefined Weak Reference
    _clock_init                               - Undefined Weak Reference
    _fp_trap_init                             - Undefined Weak Reference
    _fp_trap_shutdown                         - Undefined Weak Reference
    _get_lc_collate                           - Undefined Weak Reference
    _get_lc_ctype                             - Undefined Weak Reference
    _get_lc_monetary                          - Undefined Weak Reference
    _get_lc_numeric                           - Undefined Weak Reference
    _get_lc_time                              - Undefined Weak Reference
    _getenv_init                              - Undefined Weak Reference
    _handle_redirection                       - Undefined Weak Reference
    _init_alloc                               - Undefined Weak Reference
    _init_user_alloc                          - Undefined Weak Reference
    _initio                                   - Undefined Weak Reference
    _rand_init                                - Undefined Weak Reference
    _signal_finish                            - Undefined Weak Reference
    _signal_init                              - Undefined Weak Reference
    _terminate_alloc                          - Undefined Weak Reference
    _terminate_user_alloc                     - Undefined Weak Reference
    _terminateio                              - Undefined Weak Reference
    Image$$RW_m_data$$Length                 0x0000001c   Number         0  anon$$obj.o ABSOLUTE
    Image$$VECTOR_ROM$$Length                0x00000230   Number         0  anon$$obj.o ABSOLUTE
    Image$$VECTOR_ROM$$Limit                 0x00000230   Number         0  anon$$obj.o ABSOLUTE
    Image$$ER_m_text_const$$Base             0x00000410   Number         0  anon$$obj.o ABSOLUTE
    Image$$ER_m_text_const$$Limit            0x00000450   Number         0  anon$$obj.o ABSOLUTE
    __main                                   0x00000451   Thumb Code     8  __main.o(!!!main)
    __scatterload                            0x00000459   Thumb Code     0  __scatter.o(!!!scatter)
    __scatterload_rt2                        0x00000459   Thumb Code    44  __scatter.o(!!!scatter)
    __scatterload_rt2_thumb_only             0x00000459   Thumb Code     0  __scatter.o(!!!scatter)
    __scatterload_null                       0x00000467   Thumb Code     0  __scatter.o(!!!scatter)
    __scatterload_copy                       0x0000048d   Thumb Code    26  __scatter_copy.o(!!handler_copy)
    __scatterload_zeroinit                   0x000004a9   Thumb Code    28  __scatter_zi.o(!!handler_zi)
    __rt_lib_init                            0x000004c5   Thumb Code     0  libinit.o(.ARM.Collect$$libinit$$00000000)
    __rt_lib_init_fp_1                       0x000004c7   Thumb Code     0  libinit2.o(.ARM.Collect$$libinit$$00000001)
    __rt_lib_init_alloca_1                   0x000004cb   Thumb Code     0  libinit2.o(.ARM.Collect$$libinit$$00000030)
    __rt_lib_init_argv_1                     0x000004cb   Thumb Code     0  libinit2.o(.ARM.Collect$$libinit$$0000002E)
    __rt_lib_init_atexit_1                   0x000004cb   Thumb Code     0  libinit2.o(.ARM.Collect$$libinit$$0000001D)
    __rt_lib_init_clock_1                    0x000004cb   Thumb Code     0  libinit2.o(.ARM.Collect$$libinit$$00000023)
    __rt_lib_init_cpp_1                      0x000004cb   Thumb Code     0  libinit2.o(.ARM.Collect$$libinit$$00000034)
    __rt_lib_init_exceptions_1               0x000004cb   Thumb Code     0  libinit2.o(.ARM.Collect$$libinit$$00000032)
    __rt_lib_init_fp_trap_1                  0x000004cb   Thumb Code     0  libinit2.o(.ARM.Collect$$libinit$$00000021)
    __rt_lib_init_getenv_1                   0x000004cb   Thumb Code     0  libinit2.o(.ARM.Collect$$libinit$$00000025)
    __rt_lib_init_heap_1                     0x000004cb   Thumb Code     0  libinit2.o(.ARM.Collect$$libinit$$0000000C)
    __rt_lib_init_lc_collate_1               0x000004cb   Thumb Code     0  libinit2.o(.ARM.Collect$$libinit$$00000013)
    __rt_lib_init_lc_ctype_1                 0x000004cb   Thumb Code     0  libinit2.o(.ARM.Collect$$libinit$$00000015)
    __rt_lib_init_lc_monetary_1              0x000004cb   Thumb Code     0  libinit2.o(.ARM.Collect$$libinit$$00000017)
    __rt_lib_init_lc_numeric_1               0x000004cb   Thumb Code     0  libinit2.o(.ARM.Collect$$libinit$$00000019)
    __rt_lib_init_lc_time_1                  0x000004cb   Thumb Code     0  libinit2.o(.ARM.Collect$$libinit$$0000001B)
    __rt_lib_init_preinit_1                  0x000004cb   Thumb Code     0  libinit2.o(.ARM.Collect$$libinit$$00000006)
    __rt_lib_init_rand_1                     0x000004cb   Thumb Code     0  libinit2.o(.ARM.Collect$$libinit$$00000010)
    __rt_lib_init_relocate_pie_1             0x000004cb   Thumb Code     0  libinit2.o(.ARM.Collect$$libinit$$00000004)
    __rt_lib_init_return                     0x000004cb   Thumb Code     0  libinit2.o(.ARM.Collect$$libinit$$00000035)
    __rt_lib_init_signal_1                   0x000004cb   Thumb Code     0  libinit2.o(.ARM.Collect$$libinit$$0000001F)
    __rt_lib_init_stdio_1                    0x000004cb   Thumb Code     0  libinit2.o(.ARM.Collect$$libinit$$00000027)
    __rt_lib_init_user_alloc_1               0x000004cb   Thumb Code     0  libinit2.o(.ARM.Collect$$libinit$$0000000E)
    __rt_lib_shutdown                        0x000004cd   Thumb Code     0  libshutdown.o(.ARM.Collect$$libshutdown$$00000000)
    __rt_lib_shutdown_cpp_1                  0x000004cf   Thumb Code     0  libshutdown2.o(.ARM.Collect$$libshutdown$$00000002)
    __rt_lib_shutdown_fp_trap_1              0x000004cf   Thumb Code     0  libshutdown2.o(.ARM.Collect$$libshutdown$$00000007)
    __rt_lib_shutdown_heap_1                 0x000004cf   Thumb Code     0  libshutdown2.o(.ARM.Collect$$libshutdown$$0000000F)
    __rt_lib_shutdown_return                 0x000004cf   Thumb Code     0  libshutdown2.o(.ARM.Collect$$libshutdown$$00000010)
    __rt_lib_shutdown_signal_1               0x000004cf   Thumb Code     0  libshutdown2.o(.ARM.Collect$$libshutdown$$0000000A)
    __rt_lib_shutdown_stdio_1                0x000004cf   Thumb Code     0  libshutdown2.o(.ARM.Collect$$libshutdown$$00000004)
    __rt_lib_shutdown_user_alloc_1           0x000004cf   Thumb Code     0  libshutdown2.o(.ARM.Collect$$libshutdown$$0000000C)
    __rt_entry                               0x000004d1   Thumb Code     0  __rtentry.o(.ARM.Collect$$rtentry$$00000000)
    __rt_entry_presh_1                       0x000004d1   Thumb Code     0  __rtentry2.o(.ARM.Collect$$rtentry$$00000002)
    __rt_entry_sh                            0x000004d1   Thumb Code     0  __rtentry7.o(.ARM.Collect$$rtentry$$00000007)
    __rt_entry_li                            0x000004d5   Thumb Code     0  __rtentry2.o(.ARM.Collect$$rtentry$$0000000A)
    __rt_entry_postsh_1                      0x000004d5   Thumb Code     0  __rtentry2.o(.ARM.Collect$$rtentry$$00000009)
    __rt_entry_main                          0x000004d9   Thumb Code     0  __rtentry2.o(.ARM.Collect$$rtentry$$0000000D)
    __rt_entry_postli_1                      0x000004d9   Thumb Code     0  __rtentry2.o(.ARM.Collect$$rtentry$$0000000C)
    __rt_exit                                0x000004e5   Thumb Code     0  rtexit.o(.ARM.Collect$$rtexit$$00000000)
    __rt_exit_ls                             0x000004e7   Thumb Code     0  rtexit2.o(.ARM.Collect$$rtexit$$00000003)
    __rt_exit_prels_1                        0x000004e7   Thumb Code     0  rtexit2.o(.ARM.Collect$$rtexit$$00000002)
    __rt_exit_exit                           0x000004eb   Thumb Code     0  rtexit2.o(.ARM.Collect$$rtexit$$00000004)
    __RAM_VECTOR_TABLE_SIZE                  0x000004f0   Data           4  startup_s32k144.o(.text)
    __VECTOR_RAM                             0x000004f4   Data           4  startup_s32k144.o(.text)
    __VECTOR_ROM                             0x000004f8   Data           4  startup_s32k144.o(.text)
    __VECTOR_ROM_START                       0x000004fc   Data           4  startup_s32k144.o(.text)
    __VECTOR_ROM_END                         0x00000500   Data           4  startup_s32k144.o(.text)
    __CODE_ROM                               0x00000504   Data           4  startup_s32k144.o(.text)
    __CODE_END                               0x00000508   Data           4  startup_s32k144.o(.text)
    __CODE_RAM                               0x0000050c   Data           4  startup_s32k144.o(.text)
    __CODE_RAM_START                         0x00000510   Data           4  startup_s32k144.o(.text)
    __CODE_RAM_END                           0x00000514   Data           4  startup_s32k144.o(.text)
    __BSS_START                              0x00000518   Data           4  startup_s32k144.o(.text)
    __BSS_END                                0x0000051c   Data           4  startup_s32k144.o(.text)
    __DATA_RAM                               0x00000520   Data           4  startup_s32k144.o(.text)
    __DATA_RAM_START                         0x00000524   Data           4  startup_s32k144.o(.text)
    __DATA_RAM_END                           0x00000528   Data           4  startup_s32k144.o(.text)
    __DATA_ROM                               0x0000052c   Data           4  startup_s32k144.o(.text)
    __DATA_END                               0x00000530   Data           4  startup_s32k144.o(.text)
    __CUSTOM_SECTION_START                   0x00000534   Data           4  startup_s32k144.o(.text)
    __CUSTOM_SECTION_END                     0x00000538   Data           4  startup_s32k144.o(.text)
    __RAM_START                              0x0000053c   Data           4  startup_s32k144.o(.text)
    __RAM_END                                0x00000540   Data           4  startup_s32k144.o(.text)
    Reset_Handler                            0x00000545   Thumb Code    28  startup_s32k144.o(.text)
    NMI_Handler                              0x00000561   Thumb Code     2  startup_s32k144.o(.text)
    HardFault_Handler                        0x00000563   Thumb Code     2  startup_s32k144.o(.text)
    MemManage_Handler                        0x00000565   Thumb Code     2  startup_s32k144.o(.text)
    BusFault_Handler                         0x00000567   Thumb Code     2  startup_s32k144.o(.text)
    UsageFault_Handler                       0x00000569   Thumb Code     2  startup_s32k144.o(.text)
    SVC_Handler                              0x0000056b   Thumb Code     2  startup_s32k144.o(.text)
    DebugMon_Handler                         0x0000056d   Thumb Code     2  startup_s32k144.o(.text)
    PendSV_Handler                           0x0000056f   Thumb Code     2  startup_s32k144.o(.text)
    SysTick_Handler                          0x00000571   Thumb Code     2  startup_s32k144.o(.text)
    DefaultISR                               0x00000573   Thumb Code     2  startup_s32k144.o(.text)
    ADC0_IRQHandler                          0x00000575   Thumb Code     0  startup_s32k144.o(.text)
    ADC1_IRQHandler                          0x00000575   Thumb Code     0  startup_s32k144.o(.text)
    CAN0_Error_IRQHandler                    0x00000575   Thumb Code     0  startup_s32k144.o(.text)
    CAN0_ORed_0_15_MB_IRQHandler             0x00000575   Thumb Code     0  startup_s32k144.o(.text)
    CAN0_ORed_16_31_MB_IRQHandler            0x00000575   Thumb Code     0  startup_s32k144.o(.text)
    CAN0_ORed_IRQHandler                     0x00000575   Thumb Code     0  startup_s32k144.o(.text)
    CAN0_Wake_Up_IRQHandler                  0x00000575   Thumb Code     0  startup_s32k144.o(.text)
    CAN1_Error_IRQHandler                    0x00000575   Thumb Code     0  startup_s32k144.o(.text)
    CAN1_ORed_0_15_MB_IRQHandler             0x00000575   Thumb Code     0  startup_s32k144.o(.text)
    CAN1_ORed_IRQHandler                     0x00000575   Thumb Code     0  startup_s32k144.o(.text)
    CAN2_Error_IRQHandler                    0x00000575   Thumb Code     0  startup_s32k144.o(.text)
    CAN2_ORed_0_15_MB_IRQHandler             0x00000575   Thumb Code     0  startup_s32k144.o(.text)
    CAN2_ORed_IRQHandler                     0x00000575   Thumb Code     0  startup_s32k144.o(.text)
    CMP0_IRQHandler                          0x00000575   Thumb Code     0  startup_s32k144.o(.text)
    DMA0_IRQHandler                          0x00000575   Thumb Code     0  startup_s32k144.o(.text)
    DMA10_IRQHandler                         0x00000575   Thumb Code     0  startup_s32k144.o(.text)
    DMA11_IRQHandler                         0x00000575   Thumb Code     0  startup_s32k144.o(.text)
    DMA12_IRQHandler                         0x00000575   Thumb Code     0  startup_s32k144.o(.text)
    DMA13_IRQHandler                         0x00000575   Thumb Code     0  startup_s32k144.o(.text)
    DMA14_IRQHandler                         0x00000575   Thumb Code     0  startup_s32k144.o(.text)
    DMA15_IRQHandler                         0x00000575   Thumb Code     0  startup_s32k144.o(.text)
    DMA1_IRQHandler                          0x00000575   Thumb Code     0  startup_s32k144.o(.text)
    DMA2_IRQHandler                          0x00000575   Thumb Code     0  startup_s32k144.o(.text)
    DMA3_IRQHandler                          0x00000575   Thumb Code     0  startup_s32k144.o(.text)
    DMA4_IRQHandler                          0x00000575   Thumb Code     0  startup_s32k144.o(.text)
    DMA5_IRQHandler                          0x00000575   Thumb Code     0  startup_s32k144.o(.text)
    DMA6_IRQHandler                          0x00000575   Thumb Code     0  startup_s32k144.o(.text)
    DMA7_IRQHandler                          0x00000575   Thumb Code     0  startup_s32k144.o(.text)
    DMA8_IRQHandler                          0x00000575   Thumb Code     0  startup_s32k144.o(.text)
    DMA9_IRQHandler                          0x00000575   Thumb Code     0  startup_s32k144.o(.text)
    DMA_Error_IRQHandler                     0x00000575   Thumb Code     0  startup_s32k144.o(.text)
    ERM_double_fault_IRQHandler              0x00000575   Thumb Code     0  startup_s32k144.o(.text)
    ERM_single_fault_IRQHandler              0x00000575   Thumb Code     0  startup_s32k144.o(.text)
    FLEXIO_IRQHandler                        0x00000575   Thumb Code     0  startup_s32k144.o(.text)
    FTFC_Fault_IRQHandler                    0x00000575   Thumb Code     0  startup_s32k144.o(.text)
    FTFC_IRQHandler                          0x00000575   Thumb Code     0  startup_s32k144.o(.text)
    FTM0_Ch0_Ch1_IRQHandler                  0x00000575   Thumb Code     0  startup_s32k144.o(.text)
    FTM0_Ch2_Ch3_IRQHandler                  0x00000575   Thumb Code     0  startup_s32k144.o(.text)
    FTM0_Ch4_Ch5_IRQHandler                  0x00000575   Thumb Code     0  startup_s32k144.o(.text)
    FTM0_Ch6_Ch7_IRQHandler                  0x00000575   Thumb Code     0  startup_s32k144.o(.text)
    FTM0_Fault_IRQHandler                    0x00000575   Thumb Code     0  startup_s32k144.o(.text)
    FTM0_Ovf_Reload_IRQHandler               0x00000575   Thumb Code     0  startup_s32k144.o(.text)
    FTM1_Ch0_Ch1_IRQHandler                  0x00000575   Thumb Code     0  startup_s32k144.o(.text)
    FTM1_Ch2_Ch3_IRQHandler                  0x00000575   Thumb Code     0  startup_s32k144.o(.text)
    FTM1_Ch4_Ch5_IRQHandler                  0x00000575   Thumb Code     0  startup_s32k144.o(.text)
    FTM1_Ch6_Ch7_IRQHandler                  0x00000575   Thumb Code     0  startup_s32k144.o(.text)
    FTM1_Fault_IRQHandler                    0x00000575   Thumb Code     0  startup_s32k144.o(.text)
    FTM1_Ovf_Reload_IRQHandler               0x00000575   Thumb Code     0  startup_s32k144.o(.text)
    FTM2_Ch0_Ch1_IRQHandler                  0x00000575   Thumb Code     0  startup_s32k144.o(.text)
    FTM2_Ch2_Ch3_IRQHandler                  0x00000575   Thumb Code     0  startup_s32k144.o(.text)
    FTM2_Ch4_Ch5_IRQHandler                  0x00000575   Thumb Code     0  startup_s32k144.o(.text)
    FTM2_Ch6_Ch7_IRQHandler                  0x00000575   Thumb Code     0  startup_s32k144.o(.text)
    FTM2_Fault_IRQHandler                    0x00000575   Thumb Code     0  startup_s32k144.o(.text)
    FTM2_Ovf_Reload_IRQHandler               0x00000575   Thumb Code     0  startup_s32k144.o(.text)
    FTM3_Ch0_Ch1_IRQHandler                  0x00000575   Thumb Code     0  startup_s32k144.o(.text)
    FTM3_Ch2_Ch3_IRQHandler                  0x00000575   Thumb Code     0  startup_s32k144.o(.text)
    FTM3_Ch4_Ch5_IRQHandler                  0x00000575   Thumb Code     0  startup_s32k144.o(.text)
    FTM3_Ch6_Ch7_IRQHandler                  0x00000575   Thumb Code     0  startup_s32k144.o(.text)
    FTM3_Fault_IRQHandler                    0x00000575   Thumb Code     0  startup_s32k144.o(.text)
    FTM3_Ovf_Reload_IRQHandler               0x00000575   Thumb Code     0  startup_s32k144.o(.text)
    LPI2C0_Master_IRQHandler                 0x00000575   Thumb Code     0  startup_s32k144.o(.text)
    LPI2C0_Slave_IRQHandler                  0x00000575   Thumb Code     0  startup_s32k144.o(.text)
    LPIT0_Ch1_IRQHandler                     0x00000575   Thumb Code     0  startup_s32k144.o(.text)
    LPIT0_Ch2_IRQHandler                     0x00000575   Thumb Code     0  startup_s32k144.o(.text)
    LPIT0_Ch3_IRQHandler                     0x00000575   Thumb Code     0  startup_s32k144.o(.text)
    LPSPI0_IRQHandler                        0x00000575   Thumb Code     0  startup_s32k144.o(.text)
    LPSPI1_IRQHandler                        0x00000575   Thumb Code     0  startup_s32k144.o(.text)
    LPSPI2_IRQHandler                        0x00000575   Thumb Code     0  startup_s32k144.o(.text)
    LPTMR0_IRQHandler                        0x00000575   Thumb Code     0  startup_s32k144.o(.text)
    LPUART0_RxTx_IRQHandler                  0x00000575   Thumb Code     0  startup_s32k144.o(.text)
    LPUART2_RxTx_IRQHandler                  0x00000575   Thumb Code     0  startup_s32k144.o(.text)
    LVD_LVW_IRQHandler                       0x00000575   Thumb Code     0  startup_s32k144.o(.text)
    MCM_IRQHandler                           0x00000575   Thumb Code     0  startup_s32k144.o(.text)
    PDB0_IRQHandler                          0x00000575   Thumb Code     0  startup_s32k144.o(.text)
    PDB1_IRQHandler                          0x00000575   Thumb Code     0  startup_s32k144.o(.text)
    PORTA_IRQHandler                         0x00000575   Thumb Code     0  startup_s32k144.o(.text)
    PORTB_IRQHandler                         0x00000575   Thumb Code     0  startup_s32k144.o(.text)
    PORTD_IRQHandler                         0x00000575   Thumb Code     0  startup_s32k144.o(.text)
    PORTE_IRQHandler                         0x00000575   Thumb Code     0  startup_s32k144.o(.text)
    RCM_IRQHandler                           0x00000575   Thumb Code     0  startup_s32k144.o(.text)
    RTC_IRQHandler                           0x00000575   Thumb Code     0  startup_s32k144.o(.text)
    RTC_Seconds_IRQHandler                   0x00000575   Thumb Code     0  startup_s32k144.o(.text)
    Read_Collision_IRQHandler                0x00000575   Thumb Code     0  startup_s32k144.o(.text)
    Reserved100_IRQHandler                   0x00000575   Thumb Code     0  startup_s32k144.o(.text)
    Reserved103_IRQHandler                   0x00000575   Thumb Code     0  startup_s32k144.o(.text)
    Reserved105_IRQHandler                   0x00000575   Thumb Code     0  startup_s32k144.o(.text)
    Reserved106_IRQHandler                   0x00000575   Thumb Code     0  startup_s32k144.o(.text)
    Reserved107_IRQHandler                   0x00000575   Thumb Code     0  startup_s32k144.o(.text)
    Reserved110_IRQHandler                   0x00000575   Thumb Code     0  startup_s32k144.o(.text)
    Reserved112_IRQHandler                   0x00000575   Thumb Code     0  startup_s32k144.o(.text)
    Reserved113_IRQHandler                   0x00000575   Thumb Code     0  startup_s32k144.o(.text)
    Reserved114_IRQHandler                   0x00000575   Thumb Code     0  startup_s32k144.o(.text)
    Reserved45_IRQHandler                    0x00000575   Thumb Code     0  startup_s32k144.o(.text)
    Reserved46_IRQHandler                    0x00000575   Thumb Code     0  startup_s32k144.o(.text)
    Reserved48_IRQHandler                    0x00000575   Thumb Code     0  startup_s32k144.o(.text)
    Reserved50_IRQHandler                    0x00000575   Thumb Code     0  startup_s32k144.o(.text)
    Reserved52_IRQHandler                    0x00000575   Thumb Code     0  startup_s32k144.o(.text)
    Reserved53_IRQHandler                    0x00000575   Thumb Code     0  startup_s32k144.o(.text)
    Reserved54_IRQHandler                    0x00000575   Thumb Code     0  startup_s32k144.o(.text)
    Reserved58_IRQHandler                    0x00000575   Thumb Code     0  startup_s32k144.o(.text)
    Reserved59_IRQHandler                    0x00000575   Thumb Code     0  startup_s32k144.o(.text)
    Reserved69_IRQHandler                    0x00000575   Thumb Code     0  startup_s32k144.o(.text)
    Reserved70_IRQHandler                    0x00000575   Thumb Code     0  startup_s32k144.o(.text)
    Reserved71_IRQHandler                    0x00000575   Thumb Code     0  startup_s32k144.o(.text)
    Reserved72_IRQHandler                    0x00000575   Thumb Code     0  startup_s32k144.o(.text)
    Reserved81_IRQHandler                    0x00000575   Thumb Code     0  startup_s32k144.o(.text)
    Reserved82_IRQHandler                    0x00000575   Thumb Code     0  startup_s32k144.o(.text)
    Reserved83_IRQHandler                    0x00000575   Thumb Code     0  startup_s32k144.o(.text)
    Reserved86_IRQHandler                    0x00000575   Thumb Code     0  startup_s32k144.o(.text)
    Reserved87_IRQHandler                    0x00000575   Thumb Code     0  startup_s32k144.o(.text)
    Reserved88_IRQHandler                    0x00000575   Thumb Code     0  startup_s32k144.o(.text)
    Reserved89_IRQHandler                    0x00000575   Thumb Code     0  startup_s32k144.o(.text)
    Reserved90_IRQHandler                    0x00000575   Thumb Code     0  startup_s32k144.o(.text)
    Reserved91_IRQHandler                    0x00000575   Thumb Code     0  startup_s32k144.o(.text)
    Reserved92_IRQHandler                    0x00000575   Thumb Code     0  startup_s32k144.o(.text)
    Reserved93_IRQHandler                    0x00000575   Thumb Code     0  startup_s32k144.o(.text)
    Reserved99_IRQHandler                    0x00000575   Thumb Code     0  startup_s32k144.o(.text)
    SCG_IRQHandler                           0x00000575   Thumb Code     0  startup_s32k144.o(.text)
    SWI_IRQHandler                           0x00000575   Thumb Code     0  startup_s32k144.o(.text)
    WDOG_EWM_IRQHandler                      0x00000575   Thumb Code     0  startup_s32k144.o(.text)
    __aeabi_memcpy                           0x0000058d   Thumb Code     0  rt_memcpy_v6.o(.text)
    __rt_memcpy                              0x0000058d   Thumb Code   138  rt_memcpy_v6.o(.text)
    _memcpy_lastbytes                        0x000005f3   Thumb Code     0  rt_memcpy_v6.o(.text)
    __aeabi_memcpy4                          0x00000617   Thumb Code     0  rt_memcpy_w.o(.text)
    __aeabi_memcpy8                          0x00000617   Thumb Code     0  rt_memcpy_w.o(.text)
    __rt_memcpy_w                            0x00000617   Thumb Code   100  rt_memcpy_w.o(.text)
    _memcpy_lastbytes_aligned                0x0000065f   Thumb Code     0  rt_memcpy_w.o(.text)
    exit                                     0x0000067b   Thumb Code    18  exit.o(.text)
    __I$use$semihosting                      0x0000068d   Thumb Code     0  use_no_semi.o(.text)
    __use_no_semihosting_swi                 0x0000068d   Thumb Code     2  use_no_semi.o(.text)
    __semihosting_library_function           0x0000068f   Thumb Code     0  indicate_semi.o(.text)
    _sys_exit                                0x00000691   Thumb Code     8  sys_exit.o(.text)
    Com_AdjustIntensity                      0x0000069d   Thumb Code    68  main_2.o(.text.Com_AdjustIntensity)
    Com_Alarm                                0x000006e1   Thumb Code    94  main_2.o(.text.Com_Alarm)
    Com_ControlLed7D                         0x00000741   Thumb Code    44  main_2.o(.text.Com_ControlLed7D)
    Com_GML7D                                0x0000076d   Thumb Code   100  main_2.o(.text.Com_GML7D)
    Com_ProcessDataUART                      0x000007d1   Thumb Code  2418  main_2.o(.text.Com_ProcessDataUART)
    Com_RunDateTime                          0x00001145   Thumb Code   558  main_2.o(.text.Com_RunDateTime)
    LPIT0_Ch0_IRQHandler                     0x00001375   Thumb Code   166  main_2.o(.text.LPIT0_Ch0_IRQHandler)
    LPUART1_RxTx_IRQHandler                  0x0000141d   Thumb Code   196  main_2.o(.text.LPUART1_RxTx_IRQHandler)
    PORTC_IRQHandler                         0x000014e1   Thumb Code   362  main_2.o(.text.PORTC_IRQHandler)
    Setup_Button                             0x0000164d   Thumb Code   122  main_2.o(.text.Setup_Button)
    Setup_ClockCrystal_8MHZ                  0x000016c9   Thumb Code   334  main_2.o(.text.Setup_ClockCrystal_8MHZ)
    Setup_LPSPI0                             0x00001819   Thumb Code   252  main_2.o(.text.Setup_LPSPI0)
    Setup_LPUART1                            0x00001915   Thumb Code   206  main_2.o(.text.Setup_LPUART1)
    Setup_Led7D                              0x000019e5   Thumb Code   138  main_2.o(.text.Setup_Led7D)
    Setup_LedAlarm                           0x00001a71   Thumb Code    74  main_2.o(.text.Setup_LedAlarm)
    Setup_Timer0Ch0                          0x00001abd   Thumb Code   168  main_2.o(.text.Setup_Timer0Ch0)
    SystemInit                               0x00001b65   Thumb Code    82  system_s32k144.o(.text.SystemInit)
    init_data_bss                            0x00001bb9   Thumb Code   160  startup.o(.text.init_data_bss)
    main                                     0x00001c59   Thumb Code  1256  main.o(.text.main)
    _fp_init                                 0x00002141   Thumb Code    26  fpinit.o(x$fpl$fpinit)
    __fplib_config_fpu_vfp                   0x00002159   Thumb Code     0  fpinit.o(x$fpl$fpinit)
    __fplib_config_pureend_doubles           0x00002159   Thumb Code     0  fpinit.o(x$fpl$fpinit)
    Region$$Table$$Base                      0x0000215c   Number         0  anon$$obj.o(Region$$Table)
    Image$$ER_m_text$$Limit                  0x0000217c   Number         0  anon$$obj.o ABSOLUTE
    Region$$Table$$Limit                     0x0000217c   Number         0  anon$$obj.o(Region$$Table)
    Image$$VECTOR_RAM$$Base                  0x1fff8000   Number         0  anon$$obj.o ABSOLUTE
    Image$$RW_m_data$$Base                   0x1fff8400   Number         0  anon$$obj.o ABSOLUTE
    g_AdrL7D_aa                              0x1fff8400   Data           8  main_2.o(.data.g_AdrL7D_aa)
    g_Date_u8                                0x1fff8408   Data           1  main_2.o(.data.g_Date_u8)
    g_Hour_u8                                0x1fff8409   Data           1  main_2.o(.data.g_Hour_u8)
    g_Intensity_u8                           0x1fff840a   Data           1  main_2.o(.data.g_Intensity_u8)
    g_MaL7D_aa                               0x1fff840b   Data          12  main_2.o(.data.g_MaL7D_aa)
    g_Minute_u8                              0x1fff8417   Data           1  main_2.o(.data.g_Minute_u8)
    g_Month_u8                               0x1fff8418   Data           1  main_2.o(.data.g_Month_u8)
    g_Seconds_u8                             0x1fff8419   Data           1  main_2.o(.data.g_Seconds_u8)
    g_Year_u16                               0x1fff841a   Data           2  main_2.o(.data.g_Year_u16)
    Image$$RW_m_code$$Base                   0x1fff841c   Number         0  anon$$obj.o ABSOLUTE
    Image$$RW_m_code$$Limit                  0x1fff841c   Number         0  anon$$obj.o ABSOLUTE
    Image$$RW_m_data$$Limit                  0x1fff841c   Number         0  anon$$obj.o ABSOLUTE
    Image$$RW_m_custom_section$$Base         0x20000000   Number         0  anon$$obj.o ABSOLUTE
    Image$$RW_m_custom_section$$Limit        0x20000000   Number         0  anon$$obj.o ABSOLUTE
    Image$$RW_m_data_2$$ZI$$Base             0x20000000   Number         0  anon$$obj.o ABSOLUTE
    g_ArrayStringGet_aa                      0x20000000   Data          12  main_2.o(.bss.g_ArrayStringGet_aa)
    g_DisplayL7D_u16                         0x2000000c   Data           2  main_2.o(.bss.g_DisplayL7D_u16)
    g_EnableAlarm_u8                         0x2000000e   Data           1  main_2.o(.bss.g_EnableAlarm_u8)
    g_EnableSend_u8                          0x2000000f   Data           1  main_2.o(.bss.g_EnableSend_u8)
    g_HourAlarm_u8                           0x20000010   Data           1  main_2.o(.bss.g_HourAlarm_u8)
    g_MinuteAlarm_u8                         0x20000011   Data           1  main_2.o(.bss.g_MinuteAlarm_u8)
    g_NumberArrayGet_u8                      0x20000012   Data           1  main_2.o(.bss.g_NumberArrayGet_u8)
    g_OffAlarm10s_u8                         0x20000013   Data           1  main_2.o(.bss.g_OffAlarm10s_u8)
    g_SecondsAlarm_u8                        0x20000014   Data           1  main_2.o(.bss.g_SecondsAlarm_u8)
    g_StatusTimeDate_u8                      0x20000015   Data           1  main_2.o(.bss.g_StatusTimeDate_u8)
    g_Timer0Ch0_u8                           0x20000016   Data           1  main_2.o(.bss.g_Timer0Ch0_u8)
    g_UARTDataRx_u8                          0x20000017   Data           1  main_2.o(.bss.g_UARTDataRx_u8)
    Image$$ARM_LIB_HEAP$$ZI$$Base            0x20000018   Number         0  anon$$obj.o ABSOLUTE
    Image$$RW_m_data_2$$ZI$$Limit            0x20000018   Number         0  anon$$obj.o ABSOLUTE
    Image$$ARM_LIB_HEAP$$ZI$$Limit           0x20000418   Number         0  anon$$obj.o ABSOLUTE
    Image$$ARM_LIB_STACK$$Limit              0x20006c00   Number         0  anon$$obj.o ABSOLUTE
    Image$$ARM_LIB_STACK$$ZI$$Limit          0x20007000   Number         0  anon$$obj.o ABSOLUTE



==============================================================================

Memory Map of the image

  Image Entry point : 0x00000451

  Load Region LR_m_text (Base: 0x00000000, Size: 0x00002198, Max: 0x00080000, ABSOLUTE)

    Execution Region VECTOR_ROM (Exec base: 0x00000000, Load base: 0x00000000, Size: 0x00000230, Max: 0x00000400, ABSOLUTE)

    Exec Addr    Load Addr    Size         Type   Attr      Idx    E Section Name        Object

    0x00000000   0x00000000   0x00000230   Data   RO           84    RESET               startup_s32k144.o


    Execution Region ER_m_flash_config (Exec base: 0x00000400, Load base: 0x00000400, Size: 0x00000010, Max: 0x00000010, ABSOLUTE, FIXED)

    Exec Addr    Load Addr    Size         Type   Attr      Idx    E Section Name        Object

    0x00000400   0x00000400   0x00000010   Data   RO           85    FlashConfig         startup_s32k144.o


    Execution Region ER_m_text_const (Exec base: 0x00000410, Load base: 0x00000410, Size: 0x00000040, Max: 0xffffffff, ABSOLUTE)

    Exec Addr    Load Addr    Size         Type   Attr      Idx    E Section Name        Object

    0x00000410   0x00000410   0x00000004   Data   RO           77    .rodata.s_vectors   startup.o
    0x00000414   0x00000414   0x0000003a   Data   RO            7    .rodata.str1.1      main.o


    Execution Region ER_m_text (Exec base: 0x00000450, Load base: 0x00000450, Size: 0x00001d2c, Max: 0x0007fbf0, ABSOLUTE)

    Exec Addr    Load Addr    Size         Type   Attr      Idx    E Section Name        Object

    0x00000450   0x00000450   0x00000008   Code   RO          110  * !!!main             c_w.l(__main.o)
    0x00000458   0x00000458   0x00000034   Code   RO          290    !!!scatter          c_w.l(__scatter.o)
    0x0000048c   0x0000048c   0x0000001a   Code   RO          292    !!handler_copy      c_w.l(__scatter_copy.o)
    0x000004a6   0x000004a6   0x00000002   PAD
    0x000004a8   0x000004a8   0x0000001c   Code   RO          294    !!handler_zi        c_w.l(__scatter_zi.o)
    0x000004c4   0x000004c4   0x00000002   Code   RO          144    .ARM.Collect$$libinit$$00000000  c_w.l(libinit.o)
    0x000004c6   0x000004c6   0x00000004   Code   RO          154    .ARM.Collect$$libinit$$00000001  c_w.l(libinit2.o)
    0x000004ca   0x000004ca   0x00000000   Code   RO          157    .ARM.Collect$$libinit$$00000004  c_w.l(libinit2.o)
    0x000004ca   0x000004ca   0x00000000   Code   RO          159    .ARM.Collect$$libinit$$00000006  c_w.l(libinit2.o)
    0x000004ca   0x000004ca   0x00000000   Code   RO          162    .ARM.Collect$$libinit$$0000000C  c_w.l(libinit2.o)
    0x000004ca   0x000004ca   0x00000000   Code   RO          164    .ARM.Collect$$libinit$$0000000E  c_w.l(libinit2.o)
    0x000004ca   0x000004ca   0x00000000   Code   RO          166    .ARM.Collect$$libinit$$00000010  c_w.l(libinit2.o)
    0x000004ca   0x000004ca   0x00000000   Code   RO          169    .ARM.Collect$$libinit$$00000013  c_w.l(libinit2.o)
    0x000004ca   0x000004ca   0x00000000   Code   RO          171    .ARM.Collect$$libinit$$00000015  c_w.l(libinit2.o)
    0x000004ca   0x000004ca   0x00000000   Code   RO          173    .ARM.Collect$$libinit$$00000017  c_w.l(libinit2.o)
    0x000004ca   0x000004ca   0x00000000   Code   RO          175    .ARM.Collect$$libinit$$00000019  c_w.l(libinit2.o)
    0x000004ca   0x000004ca   0x00000000   Code   RO          177    .ARM.Collect$$libinit$$0000001B  c_w.l(libinit2.o)
    0x000004ca   0x000004ca   0x00000000   Code   RO          179    .ARM.Collect$$libinit$$0000001D  c_w.l(libinit2.o)
    0x000004ca   0x000004ca   0x00000000   Code   RO          181    .ARM.Collect$$libinit$$0000001F  c_w.l(libinit2.o)
    0x000004ca   0x000004ca   0x00000000   Code   RO          183    .ARM.Collect$$libinit$$00000021  c_w.l(libinit2.o)
    0x000004ca   0x000004ca   0x00000000   Code   RO          185    .ARM.Collect$$libinit$$00000023  c_w.l(libinit2.o)
    0x000004ca   0x000004ca   0x00000000   Code   RO          187    .ARM.Collect$$libinit$$00000025  c_w.l(libinit2.o)
    0x000004ca   0x000004ca   0x00000000   Code   RO          189    .ARM.Collect$$libinit$$00000027  c_w.l(libinit2.o)
    0x000004ca   0x000004ca   0x00000000   Code   RO          193    .ARM.Collect$$libinit$$0000002E  c_w.l(libinit2.o)
    0x000004ca   0x000004ca   0x00000000   Code   RO          195    .ARM.Collect$$libinit$$00000030  c_w.l(libinit2.o)
    0x000004ca   0x000004ca   0x00000000   Code   RO          197    .ARM.Collect$$libinit$$00000032  c_w.l(libinit2.o)
    0x000004ca   0x000004ca   0x00000000   Code   RO          199    .ARM.Collect$$libinit$$00000034  c_w.l(libinit2.o)
    0x000004ca   0x000004ca   0x00000002   Code   RO          200    .ARM.Collect$$libinit$$00000035  c_w.l(libinit2.o)
    0x000004cc   0x000004cc   0x00000002   Code   RO          229    .ARM.Collect$$libshutdown$$00000000  c_w.l(libshutdown.o)
    0x000004ce   0x000004ce   0x00000000   Code   RO          241    .ARM.Collect$$libshutdown$$00000002  c_w.l(libshutdown2.o)
    0x000004ce   0x000004ce   0x00000000   Code   RO          243    .ARM.Collect$$libshutdown$$00000004  c_w.l(libshutdown2.o)
    0x000004ce   0x000004ce   0x00000000   Code   RO          246    .ARM.Collect$$libshutdown$$00000007  c_w.l(libshutdown2.o)
    0x000004ce   0x000004ce   0x00000000   Code   RO          249    .ARM.Collect$$libshutdown$$0000000A  c_w.l(libshutdown2.o)
    0x000004ce   0x000004ce   0x00000000   Code   RO          251    .ARM.Collect$$libshutdown$$0000000C  c_w.l(libshutdown2.o)
    0x000004ce   0x000004ce   0x00000000   Code   RO          254    .ARM.Collect$$libshutdown$$0000000F  c_w.l(libshutdown2.o)
    0x000004ce   0x000004ce   0x00000002   Code   RO          255    .ARM.Collect$$libshutdown$$00000010  c_w.l(libshutdown2.o)
    0x000004d0   0x000004d0   0x00000000   Code   RO          112    .ARM.Collect$$rtentry$$00000000  c_w.l(__rtentry.o)
    0x000004d0   0x000004d0   0x00000000   Code   RO          116    .ARM.Collect$$rtentry$$00000002  c_w.l(__rtentry2.o)
    0x000004d0   0x000004d0   0x00000004   Code   RO          130    .ARM.Collect$$rtentry$$00000007  c_w.l(__rtentry7.o)
    0x000004d4   0x000004d4   0x00000000   Code   RO          118    .ARM.Collect$$rtentry$$00000009  c_w.l(__rtentry2.o)
    0x000004d4   0x000004d4   0x00000004   Code   RO          119    .ARM.Collect$$rtentry$$0000000A  c_w.l(__rtentry2.o)
    0x000004d8   0x000004d8   0x00000000   Code   RO          121    .ARM.Collect$$rtentry$$0000000C  c_w.l(__rtentry2.o)
    0x000004d8   0x000004d8   0x00000008   Code   RO          122    .ARM.Collect$$rtentry$$0000000D  c_w.l(__rtentry2.o)
    0x000004e0   0x000004e0   0x00000004   Code   RO          131    .ARM.Collect$$rtentry$$00002718  c_w.l(__rtentry7.o)
    0x000004e4   0x000004e4   0x00000002   Code   RO          152    .ARM.Collect$$rtexit$$00000000  c_w.l(rtexit.o)
    0x000004e6   0x000004e6   0x00000000   Code   RO          209    .ARM.Collect$$rtexit$$00000002  c_w.l(rtexit2.o)
    0x000004e6   0x000004e6   0x00000004   Code   RO          210    .ARM.Collect$$rtexit$$00000003  c_w.l(rtexit2.o)
    0x000004ea   0x000004ea   0x00000006   Code   RO          211    .ARM.Collect$$rtexit$$00000004  c_w.l(rtexit2.o)
    0x000004f0   0x000004f0   0x0000009c   Code   RO           83    .text               startup_s32k144.o
    0x0000058c   0x0000058c   0x0000008a   Code   RO          108    .text               c_w.l(rt_memcpy_v6.o)
    0x00000616   0x00000616   0x00000064   Code   RO          113    .text               c_w.l(rt_memcpy_w.o)
    0x0000067a   0x0000067a   0x00000012   Code   RO          137    .text               c_w.l(exit.o)
    0x0000068c   0x0000068c   0x00000002   Code   RO          205    .text               c_w.l(use_no_semi.o)
    0x0000068e   0x0000068e   0x00000000   Code   RO          207    .text               c_w.l(indicate_semi.o)
    0x0000068e   0x0000068e   0x00000002   PAD
    0x00000690   0x00000690   0x0000000c   Code   RO          219    .text               c_w.l(sys_exit.o)
    0x0000069c   0x0000069c   0x00000044   Code   RO           31    .text.Com_AdjustIntensity  main_2.o
    0x000006e0   0x000006e0   0x0000005e   Code   RO           39    .text.Com_Alarm     main_2.o
    0x0000073e   0x0000073e   0x00000002   PAD
    0x00000740   0x00000740   0x0000002c   Code   RO           33    .text.Com_ControlLed7D  main_2.o
    0x0000076c   0x0000076c   0x00000064   Code   RO           29    .text.Com_GML7D     main_2.o
    0x000007d0   0x000007d0   0x00000972   Code   RO           35    .text.Com_ProcessDataUART  main_2.o
    0x00001142   0x00001142   0x00000002   PAD
    0x00001144   0x00001144   0x0000022e   Code   RO           37    .text.Com_RunDateTime  main_2.o
    0x00001372   0x00001372   0x00000002   PAD
    0x00001374   0x00001374   0x000000a6   Code   RO           45    .text.LPIT0_Ch0_IRQHandler  main_2.o
    0x0000141a   0x0000141a   0x00000002   PAD
    0x0000141c   0x0000141c   0x000000c4   Code   RO           43    .text.LPUART1_RxTx_IRQHandler  main_2.o
    0x000014e0   0x000014e0   0x0000016a   Code   RO           41    .text.PORTC_IRQHandler  main_2.o
    0x0000164a   0x0000164a   0x00000002   PAD
    0x0000164c   0x0000164c   0x0000007a   Code   RO           19    .text.Setup_Button  main_2.o
    0x000016c6   0x000016c6   0x00000002   PAD
    0x000016c8   0x000016c8   0x0000014e   Code   RO           15    .text.Setup_ClockCrystal_8MHZ  main_2.o
    0x00001816   0x00001816   0x00000002   PAD
    0x00001818   0x00001818   0x000000fc   Code   RO           21    .text.Setup_LPSPI0  main_2.o
    0x00001914   0x00001914   0x000000ce   Code   RO           25    .text.Setup_LPUART1  main_2.o
    0x000019e2   0x000019e2   0x00000002   PAD
    0x000019e4   0x000019e4   0x0000008a   Code   RO           23    .text.Setup_Led7D   main_2.o
    0x00001a6e   0x00001a6e   0x00000002   PAD
    0x00001a70   0x00001a70   0x0000004a   Code   RO           17    .text.Setup_LedAlarm  main_2.o
    0x00001aba   0x00001aba   0x00000002   PAD
    0x00001abc   0x00001abc   0x000000a8   Code   RO           27    .text.Setup_Timer0Ch0  main_2.o
    0x00001b64   0x00001b64   0x00000052   Code   RO           92    .text.SystemInit    system_s32k144.o
    0x00001bb6   0x00001bb6   0x00000002   PAD
    0x00001bb8   0x00001bb8   0x000000a0   Code   RO           75    .text.init_data_bss  startup.o
    0x00001c58   0x00001c58   0x000004e8   Code   RO            5    .text.main          main.o
    0x00002140   0x00002140   0x0000001a   Code   RO          217    x$fpl$fpinit        fz_wm.l(fpinit.o)
    0x0000215a   0x0000215a   0x00000002   PAD
    0x0000215c   0x0000215c   0x00000020   Data   RO          289    Region$$Table       anon$$obj.o


    Execution Region VECTOR_RAM (Exec base: 0x1fff8000, Load base: 0x00000230, Size: 0x00000400, Max: 0x00000400, ABSOLUTE)

    Exec Addr    Load Addr    Size         Type   Attr      Idx    E Section Name        Object

    0x1fff8000        -       0x00000400   Zero   RW            1    VECTOR_RAM.bss      anon$$obj.o


    Execution Region RW_m_data (Exec base: 0x1fff8400, Load base: 0x0000217c, Size: 0x0000001c, Max: 0xffffffff, ABSOLUTE)

    Exec Addr    Load Addr    Size         Type   Attr      Idx    E Section Name        Object

    0x1fff8400   0x0000217c   0x00000008   Data   RW           47    .data.g_AdrL7D_aa   main_2.o
    0x1fff8408   0x00002184   0x00000001   Data   RW           54    .data.g_Date_u8     main_2.o
    0x1fff8409   0x00002185   0x00000001   Data   RW           55    .data.g_Hour_u8     main_2.o
    0x1fff840a   0x00002186   0x00000001   Data   RW           48    .data.g_Intensity_u8  main_2.o
    0x1fff840b   0x00002187   0x0000000c   Data   RW           49    .data.g_MaL7D_aa    main_2.o
    0x1fff8417   0x00002193   0x00000001   Data   RW           56    .data.g_Minute_u8   main_2.o
    0x1fff8418   0x00002194   0x00000001   Data   RW           53    .data.g_Month_u8    main_2.o
    0x1fff8419   0x00002195   0x00000001   Data   RW           57    .data.g_Seconds_u8  main_2.o
    0x1fff841a   0x00002196   0x00000002   Data   RW           52    .data.g_Year_u16    main_2.o


    Execution Region RW_m_code (Exec base: 0x1fff841c, Load base: 0x00002198, Size: 0x00000000, Max: 0x00007c00, ABSOLUTE)

    **** No section assigned to this execution region ****


    Execution Region RW_m_custom_section (Exec base: 0x20000000, Load base: 0x00002198, Size: 0x00000000, Max: 0xffffffff, ABSOLUTE)

    **** No section assigned to this execution region ****


    Execution Region RW_m_data_2 (Exec base: 0x20000000, Load base: 0x00002198, Size: 0x00000018, Max: 0x00006800, ABSOLUTE)

    Exec Addr    Load Addr    Size         Type   Attr      Idx    E Section Name        Object

    0x20000000        -       0x0000000c   Zero   RW           65    .bss.g_ArrayStringGet_aa  main_2.o
    0x2000000c        -       0x00000002   Zero   RW           50    .bss.g_DisplayL7D_u16  main_2.o
    0x2000000e        -       0x00000001   Zero   RW           61    .bss.g_EnableAlarm_u8  main_2.o
    0x2000000f        -       0x00000001   Zero   RW           64    .bss.g_EnableSend_u8  main_2.o
    0x20000010        -       0x00000001   Zero   RW           58    .bss.g_HourAlarm_u8  main_2.o
    0x20000011        -       0x00000001   Zero   RW           59    .bss.g_MinuteAlarm_u8  main_2.o
    0x20000012        -       0x00000001   Zero   RW           67    .bss.g_NumberArrayGet_u8  main_2.o
    0x20000013        -       0x00000001   Zero   RW           62    .bss.g_OffAlarm10s_u8  main_2.o
    0x20000014        -       0x00000001   Zero   RW           60    .bss.g_SecondsAlarm_u8  main_2.o
    0x20000015        -       0x00000001   Zero   RW           51    .bss.g_StatusTimeDate_u8  main_2.o
    0x20000016        -       0x00000001   Zero   RW           63    .bss.g_Timer0Ch0_u8  main_2.o
    0x20000017        -       0x00000001   Zero   RW           66    .bss.g_UARTDataRx_u8  main_2.o


    Execution Region ARM_LIB_HEAP (Exec base: 0x20000018, Load base: 0x00002198, Size: 0x00000400, Max: 0x00000400, ABSOLUTE)

    Exec Addr    Load Addr    Size         Type   Attr      Idx    E Section Name        Object

    0x20000018        -       0x00000400   Zero   RW            2    ARM_LIB_HEAP.bss    anon$$obj.o


    Execution Region ARM_LIB_STACK (Exec base: 0x20006c00, Load base: 0x00002198, Size: 0x00000400, Max: 0x00000400, ABSOLUTE)

    Exec Addr    Load Addr    Size         Type   Attr      Idx    E Section Name        Object

    0x20006c00        -       0x00000400   Zero   RW            3    ARM_LIB_STACK.bss   anon$$obj.o


==============================================================================

Image component sizes


      Code (inc. data)   RO Data    RW Data    ZI Data      Debug   Object Name

      1256          0         58          0          0       1709   main.o
      5300          0          0         28         24      12457   main_2.o
       160          0          4          0          0       1111   startup.o
       156        106        576          0          0        964   startup_s32k144.o
        82          0          0          0          0       2879   system_s32k144.o

    ----------------------------------------------------------------------
      6976        106        672         28       3096      19120   Object Totals
         0          0         32          0       3072          0   (incl. Generated)
        22          0          2          0          0          0   (incl. Padding)

    ----------------------------------------------------------------------

      Code (inc. data)   RO Data    RW Data    ZI Data      Debug   Library Member Name

         8          0          0          0          0         68   __main.o
         0          0          0          0          0          0   __rtentry.o
        12          0          0          0          0          0   __rtentry2.o
         8          4          0          0          0          0   __rtentry7.o
        52          8          0          0          0          0   __scatter.o
        26          0          0          0          0          0   __scatter_copy.o
        28          0          0          0          0          0   __scatter_zi.o
        18          0          0          0          0         80   exit.o
         0          0          0          0          0          0   indicate_semi.o
         2          0          0          0          0          0   libinit.o
         6          0          0          0          0          0   libinit2.o
         2          0          0          0          0          0   libshutdown.o
         2          0          0          0          0          0   libshutdown2.o
       138          0          0          0          0         68   rt_memcpy_v6.o
       100          0          0          0          0         80   rt_memcpy_w.o
         2          0          0          0          0          0   rtexit.o
        10          0          0          0          0          0   rtexit2.o
        12          4          0          0          0         68   sys_exit.o
         2          0          0          0          0         68   use_no_semi.o
        26          0          0          0          0        116   fpinit.o

    ----------------------------------------------------------------------
       460         16          0          0          0        548   Library Totals
         6          0          0          0          0          0   (incl. Padding)

    ----------------------------------------------------------------------

      Code (inc. data)   RO Data    RW Data    ZI Data      Debug   Library Name

       428         16          0          0          0        432   c_w.l
        26          0          0          0          0        116   fz_wm.l

    ----------------------------------------------------------------------
       460         16          0          0          0        548   Library Totals

    ----------------------------------------------------------------------

==============================================================================


      Code (inc. data)   RO Data    RW Data    ZI Data      Debug   

      7436        122        672         28       3096      19504   Grand Totals
      7436        122        672         28       3096      19504   ELF Image Totals
      7436        122        672         28          0          0   ROM Totals

==============================================================================

    Total RO  Size (Code + RO Data)                 8108 (   7.92kB)
    Total RW  Size (RW Data + ZI Data)              3124 (   3.05kB)
    Total ROM Size (Code + RO Data + RW Data)       8136 (   7.95kB)

==============================================================================

